Archive member included to satisfy reference by file (symbol)

app/libapp.a(main.c.obj)      (--whole-archive)
zephyr/libzephyr.a(crc32_sw.c.obj)
                              (--whole-archive)
zephyr/libzephyr.a(crc16_sw.c.obj)
                              (--whole-archive)
zephyr/libzephyr.a(crc8_sw.c.obj)
                              (--whole-archive)
zephyr/libzephyr.a(crc7_sw.c.obj)
                              (--whole-archive)
zephyr/libzephyr.a(fdtable.c.obj)
                              (--whole-archive)
zephyr/libzephyr.a(mempool.c.obj)
                              (--whole-archive)
zephyr/libzephyr.a(rb.c.obj)  (--whole-archive)
zephyr/libzephyr.a(thread_entry.c.obj)
                              (--whole-archive)
zephyr/libzephyr.a(work_q.c.obj)
                              (--whole-archive)
zephyr/libzephyr.a(printk.c.obj)
                              (--whole-archive)
zephyr/libzephyr.a(ring_buffer.c.obj)
                              (--whole-archive)
zephyr/libzephyr.a(configs.c.obj)
                              (--whole-archive)
zephyr/libzephyr.a(soc.c.obj)
                              (--whole-archive)
zephyr/libzephyr.a(fnmatch.c.obj)
                              (--whole-archive)
zephyr/libzephyr.a(log_list.c.obj)
                              (--whole-archive)
zephyr/libzephyr.a(log_core.c.obj)
                              (--whole-archive)
zephyr/libzephyr.a(log_msg.c.obj)
                              (--whole-archive)
zephyr/libzephyr.a(log_output.c.obj)
                              (--whole-archive)
zephyr/libzephyr.a(log_cmds.c.obj)
                              (--whole-archive)
zephyr/libzephyr.a(kernel_service.c.obj)
                              (--whole-archive)
zephyr/libzephyr.a(device_service.c.obj)
                              (--whole-archive)
zephyr/libzephyr.a(shell.c.obj)
                              (--whole-archive)
zephyr/libzephyr.a(shell_fprintf.c.obj)
                              (--whole-archive)
zephyr/libzephyr.a(shell_utils.c.obj)
                              (--whole-archive)
zephyr/libzephyr.a(shell_ops.c.obj)
                              (--whole-archive)
zephyr/libzephyr.a(shell_uart.c.obj)
                              (--whole-archive)
zephyr/libzephyr.a(shell_help.c.obj)
                              (--whole-archive)
zephyr/libzephyr.a(shell_cmds.c.obj)
                              (--whole-archive)
zephyr/libzephyr.a(shell_history.c.obj)
                              (--whole-archive)
zephyr/libzephyr.a(shell_log_backend.c.obj)
                              (--whole-archive)
zephyr/libzephyr.a(shell_wildcard.c.obj)
                              (--whole-archive)
zephyr/libzephyr.a(uart_console.c.obj)
                              (--whole-archive)
zephyr/libzephyr.a(ioapic_intr.c.obj)
                              (--whole-archive)
zephyr/libzephyr.a(loapic_intr.c.obj)
                              (--whole-archive)
zephyr/libzephyr.a(system_apic.c.obj)
                              (--whole-archive)
zephyr/libzephyr.a(shared_irq.c.obj)
                              (--whole-archive)
zephyr/libzephyr.a(pci.c.obj)
                              (--whole-archive)
zephyr/libzephyr.a(pci_config.c.obj)
                              (--whole-archive)
zephyr/libzephyr.a(pci_interface.c.obj)
                              (--whole-archive)
zephyr/libzephyr.a(pci_legacy_bridge.c.obj)
                              (--whole-archive)
zephyr/libzephyr.a(sys_clock_init.c.obj)
                              (--whole-archive)
zephyr/libzephyr.a(hpet.c.obj)
                              (--whole-archive)
zephyr/arch/arch/x86/core/libarch__x86__core.a(cache.c.obj)
                              (--whole-archive)
zephyr/arch/arch/x86/core/libarch__x86__core.a(cache_s.S.obj)
                              (--whole-archive)
zephyr/arch/arch/x86/core/libarch__x86__core.a(cpuhalt.c.obj)
                              (--whole-archive)
zephyr/arch/arch/x86/core/libarch__x86__core.a(crt0.S.obj)
                              (--whole-archive)
zephyr/arch/arch/x86/core/libarch__x86__core.a(excstub.S.obj)
                              (--whole-archive)
zephyr/arch/arch/x86/core/libarch__x86__core.a(intstub.S.obj)
                              (--whole-archive)
zephyr/arch/arch/x86/core/libarch__x86__core.a(irq_manage.c.obj)
                              (--whole-archive)
zephyr/arch/arch/x86/core/libarch__x86__core.a(swap.S.obj)
                              (--whole-archive)
zephyr/arch/arch/x86/core/libarch__x86__core.a(sys_fatal_error_handler.c.obj)
                              (--whole-archive)
zephyr/arch/arch/x86/core/libarch__x86__core.a(thread.c.obj)
                              (--whole-archive)
zephyr/arch/arch/x86/core/libarch__x86__core.a(spec_ctrl.c.obj)
                              (--whole-archive)
zephyr/arch/arch/x86/core/libarch__x86__core.a(fatal.c.obj)
                              (--whole-archive)
[...]
Memory Configuration

Name             Origin             Length             Attributes
RAM              0x0000000000100000 0x0000000002000000 xw
IDT_LIST         0x0000000000000800 0x0000000000000800
*default*        0x0000000000000000 0xffffffffffffffff

Linker script and memory map

LOAD zephyr/CMakeFiles/kernel_elf.dir/misc/empty_file.c.obj
LOAD zephyr/arch/arch/x86/staticIdt.o
LOAD zephyr/arch/arch/x86/irq_int_vector_map.o
LOAD zephyr/arch/arch/x86/irq_vectors_alloc.o
LOAD app/libapp.a
LOAD zephyr/libzephyr.a
LOAD zephyr/arch/arch/x86/core/libarch__x86__core.a
LOAD zephyr/lib/libc/minimal/liblib__libc__minimal.a
LOAD zephyr/boards/x86/galileo/libboards__x86__galileo.a
LOAD zephyr/drivers/gpio/libdrivers__gpio.a
LOAD zephyr/drivers/i2c/libdrivers__i2c.a
LOAD zephyr/drivers/pwm/libdrivers__pwm.a
LOAD zephyr/drivers/sensor/hc-sr04/libdrivers__sensor__hc-sr04.a
LOAD zephyr/drivers/spi/libdrivers__spi.a
LOAD zephyr/drivers/serial/libdrivers__serial.a
LOAD zephyr/kernel/libkernel.a
LOAD zephyr/CMakeFiles/offsets.dir/./arch/x86/core/offsets/offsets.c.obj
LOAD /home/sunjeet/zephyrsdk/i586-zephyr-elf/bin/../lib/gcc/i586-zephyr-elf/8.3.0/libgcc.a

.rel.plt        0x0000000000000000        0x0
 *(SORT_BY_ALIGNMENT(.rel.plt))
                [!provide]                        PROVIDE (__rel_iplt_start = .)
 *(SORT_BY_ALIGNMENT(.rel.iplt))
 .rel.iplt      0x0000000000000000        0x0 zephyr/CMakeFiles/kernel_elf.dir/misc/empty_file.c.obj
                [!provide]                        PROVIDE (__rel_iplt_end = .)

.rela.plt       0x0000000000000000        0x0
 *(SORT_BY_ALIGNMENT(.rela.plt))
                [!provide]                        PROVIDE (__rela_iplt_start = .)
 *(SORT_BY_ALIGNMENT(.rela.iplt))
                [!provide]                        PROVIDE (__rela_iplt_end = .)

.rel.dyn        0x0000000000000000        0x0
 *(SORT_BY_ALIGNMENT(.rel.*))
 .rel.got       0x0000000000000000        0x0 zephyr/CMakeFiles/kernel_elf.dir/misc/empty_file.c.obj
 .rel.data._char_out
                0x0000000000000000        0x0 zephyr/CMakeFiles/kernel_elf.dir/misc/empty_file.c.obj
 .rel.text.log_core_init
                0x0000000000000000        0x0 zephyr/CMakeFiles/kernel_elf.dir/misc/empty_file.c.obj
 .rel.text.dropped_notify
                0x0000000000000000        0x0 zephyr/CMakeFiles/kernel_elf.dir/misc/empty_file.c.obj
 .rel.text.z_impl_log_process
                0x0000000000000000        0x0 zephyr/CMakeFiles/kernel_elf.dir/misc/empty_file.c.obj
 .rel.text.log_source_name_get
                0x0000000000000000        0x0 zephyr/CMakeFiles/kernel_elf.dir/misc/empty_file.c.obj
 .rel.text.z_impl_log_filter_set
                0x0000000000000000        0x0 zephyr/CMakeFiles/kernel_elf.dir/misc/empty_file.c.obj
 .rel.text.log_backend_enable
                0x0000000000000000        0x0 zephyr/CMakeFiles/kernel_elf.dir/misc/empty_file.c.obj
 .rel.text.log_init
                0x0000000000000000        0x0 zephyr/CMakeFiles/kernel_elf.dir/misc/empty_file.c.obj
 .rel.text.z_impl_log_panic
                0x0000000000000000        0x0 zephyr/CMakeFiles/kernel_elf.dir/misc/empty_file.c.obj
 .rel.text.log_backend_disable
                0x0000000000000000        0x0 zephyr/CMakeFiles/kernel_elf.dir/misc/empty_file.c.obj
 .rel.text.log_filter_get
                0x0000000000000000        0x0 zephyr/CMakeFiles/kernel_elf.dir/misc/empty_file.c.obj
 .rel.text.backend_name_get
                0x0000000000000000        0x0 zephyr/CMakeFiles/kernel_elf.dir/misc/empty_file.c.obj
 .rel.text.cmd_log_backends_list
                0x0000000000000000        0x0 zephyr/CMakeFiles/kernel_elf.dir/misc/empty_file.c.obj
 .rel.text.log_status
                0x0000000000000000        0x0 zephyr/CMakeFiles/kernel_elf.dir/misc/empty_file.c.obj
 .rel.text.filters_set
                0x0000000000000000        0x0 zephyr/CMakeFiles/kernel_elf.dir/misc/empty_file.c.obj
 .rel.text.shell_backend_cmd_execute
                0x0000000000000000        0x0 zephyr/CMakeFiles/kernel_elf.dir/misc/empty_file.c.obj
 .rel.text.cmd_device_list
                0x0000000000000000        0x0 zephyr/CMakeFiles/kernel_elf.dir/misc/empty_file.c.obj
 .rel.rodata.config_levels
                0x0000000000000000        0x0 zephyr/CMakeFiles/kernel_elf.dir/misc/empty_file.c.obj
 .rel.text.shell_cmd_get
                0x0000000000000000        0x0 zephyr/CMakeFiles/kernel_elf.dir/misc/empty_file.c.obj
 .rel.text.uart_callback
                0x0000000000000000        0x0 zephyr/CMakeFiles/kernel_elf.dir/misc/empty_file.c.obj
 .rel.text.shared_irq_config_0_irq
                0x0000000000000000        0x0 zephyr/CMakeFiles/kernel_elf.dir/misc/empty_file.c.obj
 .rel.text.z_clock_driver_init
                0x0000000000000000        0x0 zephyr/CMakeFiles/kernel_elf.dir/misc/empty_file.c.obj
 .rel.text_start.__start
                0x0000000000000000        0x0 zephyr/CMakeFiles/kernel_elf.dir/misc/empty_file.c.obj
 .rel.text.z_NanoFatalErrorHandler
                0x0000000000000000        0x0 zephyr/CMakeFiles/kernel_elf.dir/misc/empty_file.c.obj
 .rel.text.gpio_pcal9535a_read
                0x0000000000000000        0x0 zephyr/CMakeFiles/kernel_elf.dir/misc/empty_file.c.obj
 .rel.text.write_port_regs
                0x0000000000000000        0x0 zephyr/CMakeFiles/kernel_elf.dir/misc/empty_file.c.obj
 .rel.text.gpio_pcal9535a_config
                0x0000000000000000        0x0 zephyr/CMakeFiles/kernel_elf.dir/misc/empty_file.c.obj
 .rel.text.i2c_dw_initialize
                0x0000000000000000        0x0 zephyr/CMakeFiles/kernel_elf.dir/misc/empty_file.c.obj
 .rel.text.spi_config_0_irq
                0x0000000000000000        0x0 zephyr/CMakeFiles/kernel_elf.dir/misc/empty_file.c.obj
 .rel.text.spi_intel_transceive
                0x0000000000000000        0x0 zephyr/CMakeFiles/kernel_elf.dir/misc/empty_file.c.obj
 .rel.text.irq_config_func_0
                0x0000000000000000        0x0 zephyr/CMakeFiles/kernel_elf.dir/misc/empty_file.c.obj
 .rel.text.irq_config_func_1
                0x0000000000000000        0x0 zephyr/CMakeFiles/kernel_elf.dir/misc/empty_file.c.obj
 .rel.text.z_impl_device_get_binding
                0x0000000000000000        0x0 zephyr/CMakeFiles/kernel_elf.dir/misc/empty_file.c.obj
 .rel.rodata.config_levels.4913
                0x0000000000000000        0x0 zephyr/CMakeFiles/kernel_elf.dir/misc/empty_file.c.obj
 .rel.text.init_mem_slab_module
                0x0000000000000000        0x0 zephyr/CMakeFiles/kernel_elf.dir/misc/empty_file.c.obj
 .rel.text.z_init_static_threads
                0x0000000000000000        0x0 zephyr/CMakeFiles/kernel_elf.dir/misc/empty_file.c.obj
 .rel.text.init_static_pools
                0x0000000000000000        0x0 zephyr/CMakeFiles/kernel_elf.dir/misc/empty_file.c.obj

.rela.dyn
 *(SORT_BY_ALIGNMENT(.rela.*))

/DISCARD/
 *(SORT_BY_ALIGNMENT(.plt))
 *(SORT_BY_ALIGNMENT(.iplt))
 *(SORT_BY_ALIGNMENT(.got.plt))
 *(SORT_BY_ALIGNMENT(.igot.plt))
 *(SORT_BY_ALIGNMENT(.got))
 *(SORT_BY_ALIGNMENT(.igot))
 *(SORT_BY_ALIGNMENT(.spurIsr))
 *(SORT_BY_ALIGNMENT(.spurNoErrIsr))
 *(SORT_BY_ALIGNMENT(.intList))
 *(SORT_BY_ALIGNMENT(.gnu.linkonce.intList.*))
 *(SORT_BY_ALIGNMENT(.mmulist))
 *(SORT_BY_ALIGNMENT(.note.GNU-stack))
                0x0000000000000000                . = ALIGN (0x8)
                0x0000000000100000                _image_rom_start = 0x100000
                0x0000000000100000                _image_text_start = 0x100000

text            0x0000000000100000     0xb8b2
                0x0000000000000000                . = 0x0
 *(SORT_BY_ALIGNMENT(.text_start))
 *(SORT_BY_ALIGNMENT(.text_start.*))
 .text_start.__start
                0x0000000000100000       0xa0 zephyr/arch/arch/x86/core/libarch__x86__core.a(crt0.S.obj)
                0x0000000000100000                __start
                0x0000000000100072                z_x86_idt
                0x0000000000100088                _gdt
 *(SORT_BY_ALIGNMENT(.text))
 .text          0x00000000001000a0      0x11d /home/sunjeet/zephyrsdk/i586-zephyr-elf/bin/../lib/gcc/i586-zephyr-elf/8.3.0/libgcc.a(_divdi3.o)
                0x00000000001000a0                __divdi3
 .text          0x00000000001001bd       0xef /home/sunjeet/zephyrsdk/i586-zephyr-elf/bin/../lib/gcc/i586-zephyr-elf/8.3.0/libgcc.a(_udivdi3.o)
                0x00000000001001bd                __udivdi3
 *(SORT_BY_ALIGNMENT(.text.*))
 .text.dump_data
                0x00000000001002ac        0x3 app/libapp.a(main.c.obj)
 .text.start_measurement
                0x00000000001002af       0x26 app/libapp.a(main.c.obj)
 .text.select_devices
                0x00000000001002d5       0x44 app/libapp.a(main.c.obj)
 .text.clear_buffer
                0x0000000000100319        0x3 app/libapp.a(main.c.obj)
 .text.main     0x000000000010031c        0x1 app/libapp.a(main.c.obj)
                0x000000000010031c                main
 .text.get_bit_ptr
                0x000000000010031d       0x30 zephyr/libzephyr.a(mempool.c.obj)
 .text.set_free_bit
                0x000000000010034d       0x22 zephyr/libzephyr.a(mempool.c.obj)
 .text.z_sys_mem_pool_base_init
                0x000000000010036f       0xb4 zephyr/libzephyr.a(mempool.c.obj)
                0x000000000010036f                z_sys_mem_pool_base_init
 .text.z_thread_entry
                0x0000000000100423       0x1e zephyr/libzephyr.a(thread_entry.c.obj)
                0x0000000000100423                z_thread_entry
 .text.z_arch_printk_char_out
                0x0000000000100441        0x3 zephyr/libzephyr.a(printk.c.obj)
                0x0000000000100441                z_arch_printk_char_out
 .text.print_err
                0x0000000000100444       0x25 zephyr/libzephyr.a(printk.c.obj)
 .text.char_out
                0x0000000000100469        0xf zephyr/libzephyr.a(printk.c.obj)
 .text._printk_dec_ulong
                0x0000000000100478       0xee zephyr/libzephyr.a(printk.c.obj)
 .text.__printk_hook_install
                0x0000000000100566        0xd zephyr/libzephyr.a(printk.c.obj)
                0x0000000000100566                __printk_hook_install
 .text.z_vprintk
                0x0000000000100573      0x37a zephyr/libzephyr.a(printk.c.obj)
                0x0000000000100573                z_vprintk
 .text.vprintk  0x00000000001008ed       0x24 zephyr/libzephyr.a(printk.c.obj)
                0x00000000001008ed                vprintk
 .text.printk   0x0000000000100911       0x13 zephyr/libzephyr.a(printk.c.obj)
                0x0000000000100911                printk
 .text.ring_buf_space_get
                0x0000000000100924       0x16 zephyr/libzephyr.a(ring_buffer.c.obj)
 .text.ring_buf_put_claim
                0x000000000010093a       0x4a zephyr/libzephyr.a(ring_buffer.c.obj)
                0x000000000010093a                ring_buf_put_claim
 .text.ring_buf_put_finish
                0x0000000000100984       0x37 zephyr/libzephyr.a(ring_buffer.c.obj)
                0x0000000000100984                ring_buf_put_finish
 .text.ring_buf_put
                0x00000000001009bb       0x4f zephyr/libzephyr.a(ring_buffer.c.obj)
                0x00000000001009bb                ring_buf_put
 .text.ring_buf_get_claim
                0x0000000000100a0a       0x50 zephyr/libzephyr.a(ring_buffer.c.obj)
                0x0000000000100a0a                ring_buf_get_claim
 .text.ring_buf_get_finish
                0x0000000000100a5a       0x3a zephyr/libzephyr.a(ring_buffer.c.obj)
                0x0000000000100a5a                ring_buf_get_finish
 .text.ring_buf_get
                0x0000000000100a94       0x4f zephyr/libzephyr.a(ring_buffer.c.obj)
                0x0000000000100a94                ring_buf_get
 .text._ConfigAbsSyms
                0x0000000000100ae3        0x1 zephyr/libzephyr.a(configs.c.obj)
                0x0000000000100ae3                _ConfigAbsSyms
 .text.pci_legacy_bridge_irq_config
                0x0000000000100ae4       0xaa zephyr/libzephyr.a(soc.c.obj)
 .text.foldcase
                0x0000000000100b8e       0x11 zephyr/libzephyr.a(fnmatch.c.obj)
 .text.fnmatchx
                0x0000000000100b9f      0x359 zephyr/libzephyr.a(fnmatch.c.obj)
 .text.fnmatch  0x0000000000100ef8       0x19 zephyr/libzephyr.a(fnmatch.c.obj)
                0x0000000000100ef8                fnmatch
 .text.log_list_init
                0x0000000000100f11       0x15 zephyr/libzephyr.a(log_list.c.obj)
                0x0000000000100f11                log_list_init
 .text.log_list_add_tail
                0x0000000000100f26       0x22 zephyr/libzephyr.a(log_list.c.obj)
                0x0000000000100f26                log_list_add_tail
 .text.log_list_head_peek
                0x0000000000100f48        0xa zephyr/libzephyr.a(log_list.c.obj)
                0x0000000000100f48                log_list_head_peek
 .text.log_list_head_get
                0x0000000000100f52       0x12 zephyr/libzephyr.a(log_list.c.obj)
                0x0000000000100f52                log_list_head_get
 .text.dummy_timestamp
                0x0000000000100f64        0x3 zephyr/libzephyr.a(log_core.c.obj)
 .text.z_log_msg_std_alloc
                0x0000000000100f67       0x40 zephyr/libzephyr.a(log_core.c.obj)
 .text.timestamp_get
                0x0000000000100fa7        0xa zephyr/libzephyr.a(log_core.c.obj)
 .text.enable_logger
                0x0000000000100fb1       0x40 zephyr/libzephyr.a(log_core.c.obj)
 .text.log_core_init
                0x0000000000100ff1       0x7c zephyr/libzephyr.a(log_core.c.obj)
                0x0000000000100ff1                log_core_init
 .text.dropped_notify
                0x000000000010106d       0x54 zephyr/libzephyr.a(log_core.c.obj)
                0x000000000010106d                dropped_notify
 .text.z_impl_log_process
                0x00000000001010c1       0xd6 zephyr/libzephyr.a(log_core.c.obj)
                0x00000000001010c1                z_impl_log_process
 .text.msg_finalize
                0x0000000000101197       0x6f zephyr/libzephyr.a(log_core.c.obj)
 .text.log_0    0x0000000000101206       0x25 zephyr/libzephyr.a(log_core.c.obj)
                0x0000000000101206                log_0
 .text.log_2    0x000000000010122b       0x47 zephyr/libzephyr.a(log_core.c.obj)
                0x000000000010122b                log_2
 .text.log_3    0x0000000000101272       0x59 zephyr/libzephyr.a(log_core.c.obj)
                0x0000000000101272                log_3
 .text.log_dropped
                0x00000000001012cb        0x8 zephyr/libzephyr.a(log_core.c.obj)
                0x00000000001012cb                log_dropped
 .text.log_source_name_get
                0x00000000001012d3       0x23 zephyr/libzephyr.a(log_core.c.obj)
                0x00000000001012d3                log_source_name_get
 .text.z_impl_log_filter_set
                0x00000000001012f6       0xb8 zephyr/libzephyr.a(log_core.c.obj)
                0x00000000001012f6                z_impl_log_filter_set
 .text.log_backend_enable
                0x00000000001013ae       0x5b zephyr/libzephyr.a(log_core.c.obj)
                0x00000000001013ae                log_backend_enable
 .text.log_init
                0x0000000000101409       0x5d zephyr/libzephyr.a(log_core.c.obj)
                0x0000000000101409                log_init
 .text.z_impl_log_panic
                0x0000000000101466       0x5f zephyr/libzephyr.a(log_core.c.obj)
                0x0000000000101466                z_impl_log_panic
 .text.log_process_thread_func
                0x00000000001014c5       0x3e zephyr/libzephyr.a(log_core.c.obj)
 .text.log_backend_disable
                0x0000000000101503       0x3d zephyr/libzephyr.a(log_core.c.obj)
                0x0000000000101503                log_backend_disable
 .text.log_filter_get
                0x0000000000101540       0x31 zephyr/libzephyr.a(log_core.c.obj)
                0x0000000000101540                log_filter_get
 .text.log_is_strdup
                0x0000000000101571       0x1c zephyr/libzephyr.a(log_core.c.obj)
                0x0000000000101571                log_is_strdup
 .text.log_free
                0x000000000010158d       0x25 zephyr/libzephyr.a(log_core.c.obj)
                0x000000000010158d                log_free
 .text.log_msg_hexdump_data_op
                0x00000000001015b2       0xf1 zephyr/libzephyr.a(log_msg.c.obj)
 .text.log_msg_pool_init
                0x00000000001016a3       0x1b zephyr/libzephyr.a(log_msg.c.obj)
                0x00000000001016a3                log_msg_pool_init
 .text.log_msg_get
                0x00000000001016be        0xc zephyr/libzephyr.a(log_msg.c.obj)
                0x00000000001016be                log_msg_get
 .text.log_msg_no_space_handle
                0x00000000001016ca       0x3e zephyr/libzephyr.a(log_msg.c.obj)
                0x00000000001016ca                log_msg_no_space_handle
 .text.log_msg_nargs_get
                0x0000000000101708       0x11 zephyr/libzephyr.a(log_msg.c.obj)
                0x0000000000101708                log_msg_nargs_get
 .text.log_msg_arg_get
                0x0000000000101719       0x4a zephyr/libzephyr.a(log_msg.c.obj)
                0x0000000000101719                log_msg_arg_get
 .text.msg_free
                0x0000000000101763       0x8f zephyr/libzephyr.a(log_msg.c.obj)
 .text.log_msg_put
                0x00000000001017f2       0x18 zephyr/libzephyr.a(log_msg.c.obj)
                0x00000000001017f2                log_msg_put
 .text.log_msg_str_get
                0x000000000010180a        0xb zephyr/libzephyr.a(log_msg.c.obj)
                0x000000000010180a                log_msg_str_get
 .text.log_msg_hexdump_data_get
                0x0000000000101815       0x1f zephyr/libzephyr.a(log_msg.c.obj)
                0x0000000000101815                log_msg_hexdump_data_get
 .text.buffer_write
                0x0000000000101834       0x24 zephyr/libzephyr.a(log_output.c.obj)
 .text.print_formatted
                0x0000000000101858       0x1e zephyr/libzephyr.a(log_output.c.obj)
 .text.std_print
                0x0000000000101876      0x2b3 zephyr/libzephyr.a(log_output.c.obj)
 .text.prefix_print
                0x0000000000101b29      0x153 zephyr/libzephyr.a(log_output.c.obj)
 .text.hexdump_line_print
                0x0000000000101c7c       0xc4 zephyr/libzephyr.a(log_output.c.obj)
 .text.postfix_print
                0x0000000000101d40       0x49 zephyr/libzephyr.a(log_output.c.obj)
 .text.log_output_flush
                0x0000000000101d89       0x28 zephyr/libzephyr.a(log_output.c.obj)
                0x0000000000101d89                log_output_flush
 .text.out_func
                0x0000000000101db1       0x32 zephyr/libzephyr.a(log_output.c.obj)
 .text.log_output_msg_process
                0x0000000000101de3      0x142 zephyr/libzephyr.a(log_output.c.obj)
                0x0000000000101de3                log_output_msg_process
 .text.log_output_dropped_process
                0x0000000000101f25       0x78 zephyr/libzephyr.a(log_output.c.obj)
                0x0000000000101f25                log_output_dropped_process
 .text.log_output_timestamp_freq_set
                0x0000000000101f9d       0x37 zephyr/libzephyr.a(log_output.c.obj)
                0x0000000000101f9d                log_output_timestamp_freq_set
 .text.severity_lvl_get
                0x0000000000101fd4       0x30 zephyr/libzephyr.a(log_cmds.c.obj)
 .text.log_halt
                0x0000000000102004       0x11 zephyr/libzephyr.a(log_cmds.c.obj)
 .text.log_go   0x0000000000102015       0x11 zephyr/libzephyr.a(log_cmds.c.obj)
 .text.backend_name_get
                0x0000000000102026       0x43 zephyr/libzephyr.a(log_cmds.c.obj)
 .text.cmd_log_backends_list
                0x0000000000102069       0x5d zephyr/libzephyr.a(log_cmds.c.obj)
 .text.log_status
                0x00000000001020c6       0xca zephyr/libzephyr.a(log_cmds.c.obj)
 .text.module_name_get
                0x0000000000102190       0x2f zephyr/libzephyr.a(log_cmds.c.obj)
 .text.filters_set
                0x00000000001021bf       0xf7 zephyr/libzephyr.a(log_cmds.c.obj)
 .text.log_disable
                0x00000000001022b6       0x23 zephyr/libzephyr.a(log_cmds.c.obj)
 .text.shell_backend_cmd_execute
                0x00000000001022d9       0x9d zephyr/libzephyr.a(log_cmds.c.obj)
 .text.cmd_log_backend_status
                0x0000000000102376       0x1b zephyr/libzephyr.a(log_cmds.c.obj)
 .text.cmd_log_backend_halt
                0x0000000000102391       0x19 zephyr/libzephyr.a(log_cmds.c.obj)
 .text.cmd_log_backend_go
                0x00000000001023aa       0x19 zephyr/libzephyr.a(log_cmds.c.obj)
 .text.cmd_log_backend_enable
                0x00000000001023c3       0x19 zephyr/libzephyr.a(log_cmds.c.obj)
 .text.cmd_log_backend_disable
                0x00000000001023dc       0x19 zephyr/libzephyr.a(log_cmds.c.obj)
 .text.shell_state_precheck
                0x00000000001023f5       0x26 zephyr/libzephyr.a(log_cmds.c.obj)
 .text.cmd_log_self_halt
                0x000000000010241b       0x23 zephyr/libzephyr.a(log_cmds.c.obj)
 .text.cmd_log_self_go
                0x000000000010243e       0x23 zephyr/libzephyr.a(log_cmds.c.obj)
 .text.cmd_log_self_status
                0x0000000000102461       0x2d zephyr/libzephyr.a(log_cmds.c.obj)
 .text.log_enable
                0x000000000010248e       0x70 zephyr/libzephyr.a(log_cmds.c.obj)
 .text.cmd_log_self_enable
                0x00000000001024fe       0x2f zephyr/libzephyr.a(log_cmds.c.obj)
 .text.cmd_log_self_disable
                0x000000000010252d       0x2f zephyr/libzephyr.a(log_cmds.c.obj)
 .text.cmd_kernel_version
                0x000000000010255c       0x2f zephyr/libzephyr.a(kernel_service.c.obj)
 .text.cmd_kernel_uptime
                0x000000000010258b       0x1f zephyr/libzephyr.a(kernel_service.c.obj)
 .text.cmd_kernel_cycles
                0x00000000001025aa       0x1f zephyr/libzephyr.a(kernel_service.c.obj)
 .text.cmd_device_list
                0x00000000001025c9       0x4d zephyr/libzephyr.a(device_service.c.obj)
 .text.device_get_config_level
                0x0000000000102616       0x45 zephyr/libzephyr.a(device_service.c.obj)
 .text.cmd_device_levels
                0x000000000010265b       0xcb zephyr/libzephyr.a(device_service.c.obj)
 .text.shell_signal_handle
                0x0000000000102726       0x44 zephyr/libzephyr.a(shell.c.obj)
 .text.kill_handler
                0x000000000010276a       0x50 zephyr/libzephyr.a(shell.c.obj)
 .text.shell_strlen
                0x00000000001027ba       0x13 zephyr/libzephyr.a(shell.c.obj)
 .text.shell_raw_fprintf
                0x00000000001027cd       0x17 zephyr/libzephyr.a(shell.c.obj)
 .text.shell_internal_help_print
                0x00000000001027e4       0x1a zephyr/libzephyr.a(shell.c.obj)
 .text.state_set.constprop.23
                0x00000000001027fe       0x21 zephyr/libzephyr.a(shell.c.obj)
 .text.transport_evt_handler
                0x000000000010281f       0x2b zephyr/libzephyr.a(shell.c.obj)
 .text.shell_log_process
                0x000000000010284a       0x6d zephyr/libzephyr.a(shell.c.obj)
 .text.history_handle
                0x00000000001028b7       0xf9 zephyr/libzephyr.a(shell.c.obj)
 .text.execute  0x00000000001029b0      0x34e zephyr/libzephyr.a(shell.c.obj)
 .text.shell_process
                0x0000000000102cfe      0x9bf zephyr/libzephyr.a(shell.c.obj)
                0x0000000000102cfe                shell_process
 .text.shell_init
                0x00000000001036bd      0x10d zephyr/libzephyr.a(shell.c.obj)
                0x00000000001036bd                shell_init
 .text.shell_start
                0x00000000001037ca       0x3c zephyr/libzephyr.a(shell.c.obj)
                0x00000000001037ca                shell_start
 .text.shell_thread
                0x0000000000103806      0x119 zephyr/libzephyr.a(shell.c.obj)
                0x0000000000103806                shell_thread
 .text.shell_fprintf
                0x000000000010391f       0x72 zephyr/libzephyr.a(shell.c.obj)
                0x000000000010391f                shell_fprintf
 .text.shell_fprintf_buffer_flush
                0x0000000000103991       0x25 zephyr/libzephyr.a(shell_fprintf.c.obj)
                0x0000000000103991                shell_fprintf_buffer_flush
 .text.shell_fprintf_fmt
                0x00000000001039b6       0x35 zephyr/libzephyr.a(shell_fprintf.c.obj)
                0x00000000001039b6                shell_fprintf_fmt
 .text.out_func
                0x00000000001039eb       0x4a zephyr/libzephyr.a(shell_fprintf.c.obj)
 .text.shell_strlen
                0x0000000000103a35       0x13 zephyr/libzephyr.a(shell_utils.c.obj)
 .text.column_span_with_buffer_offsets_get
                0x0000000000103a48       0x2d zephyr/libzephyr.a(shell_utils.c.obj)
                0x0000000000103a48                column_span_with_buffer_offsets_get
 .text.row_span_with_buffer_offsets_get
                0x0000000000103a75       0x2d zephyr/libzephyr.a(shell_utils.c.obj)
                0x0000000000103a75                row_span_with_buffer_offsets_get
 .text.shell_multiline_data_calc
                0x0000000000103aa2       0x3b zephyr/libzephyr.a(shell_utils.c.obj)
                0x0000000000103aa2                shell_multiline_data_calc
 .text.shell_make_argv
                0x0000000000103add      0x204 zephyr/libzephyr.a(shell_utils.c.obj)
                0x0000000000103add                shell_make_argv
 .text.shell_pattern_remove
                0x0000000000103ce1       0x6c zephyr/libzephyr.a(shell_utils.c.obj)
                0x0000000000103ce1                shell_pattern_remove
 .text.shell_cmd_get
                0x0000000000103d4d       0x6f zephyr/libzephyr.a(shell_utils.c.obj)
                0x0000000000103d4d                shell_cmd_get
 .text.shell_spaces_trim
                0x0000000000103dbc       0x9d zephyr/libzephyr.a(shell_utils.c.obj)
                0x0000000000103dbc                shell_spaces_trim
 .text.shell_cmd_trim
                0x0000000000103e59       0xa3 zephyr/libzephyr.a(shell_utils.c.obj)
                0x0000000000103e59                shell_cmd_trim
 .text.shell_raw_fprintf
                0x0000000000103efc       0x17 zephyr/libzephyr.a(shell_ops.c.obj)
 .text.clear_eos.isra.5
                0x0000000000103f13       0x18 zephyr/libzephyr.a(shell_ops.c.obj)
 .text.full_line_cmd.isra.7
                0x0000000000103f2b       0x38 zephyr/libzephyr.a(shell_ops.c.obj)
 .text.shell_op_cursor_vert_move
                0x0000000000103f63       0x2f zephyr/libzephyr.a(shell_ops.c.obj)
                0x0000000000103f63                shell_op_cursor_vert_move
 .text.shell_op_cursor_horiz_move
                0x0000000000103f92       0x2f zephyr/libzephyr.a(shell_ops.c.obj)
                0x0000000000103f92                shell_op_cursor_horiz_move
 .text.shell_cursor_in_empty_line
                0x0000000000103fc1       0x39 zephyr/libzephyr.a(shell_ops.c.obj)
                0x0000000000103fc1                shell_cursor_in_empty_line
 .text.shell_op_cond_next_line
                0x0000000000103ffa       0x34 zephyr/libzephyr.a(shell_ops.c.obj)
                0x0000000000103ffa                shell_op_cond_next_line
 .text.shell_op_cursor_position_synchronize
                0x000000000010402e       0x7e zephyr/libzephyr.a(shell_ops.c.obj)
                0x000000000010402e                shell_op_cursor_position_synchronize
 .text.shell_op_cursor_move
                0x00000000001040ac       0x86 zephyr/libzephyr.a(shell_ops.c.obj)
                0x00000000001040ac                shell_op_cursor_move
 .text.shell_op_cursor_word_move
                0x0000000000104132       0xc6 zephyr/libzephyr.a(shell_ops.c.obj)
                0x0000000000104132                shell_op_cursor_word_move
 .text.shell_op_cursor_home_move
                0x00000000001041f8       0x1b zephyr/libzephyr.a(shell_ops.c.obj)
                0x00000000001041f8                shell_op_cursor_home_move
 .text.shell_op_cursor_end_move
                0x0000000000104213       0x1c zephyr/libzephyr.a(shell_ops.c.obj)
                0x0000000000104213                shell_op_cursor_end_move
 .text.shell_op_left_arrow
                0x000000000010422f       0x1c zephyr/libzephyr.a(shell_ops.c.obj)
                0x000000000010422f                shell_op_left_arrow
 .text.shell_op_right_arrow
                0x000000000010424b       0x1e zephyr/libzephyr.a(shell_ops.c.obj)
                0x000000000010424b                shell_op_right_arrow
 .text.shell_op_delete_from_cursor
                0x0000000000104269       0x1f zephyr/libzephyr.a(shell_ops.c.obj)
                0x0000000000104269                shell_op_delete_from_cursor
 .text.shell_cmd_line_erase
                0x0000000000104288       0x54 zephyr/libzephyr.a(shell_ops.c.obj)
                0x0000000000104288                shell_cmd_line_erase
 .text.shell_print_cmd
                0x00000000001042dc       0x1f zephyr/libzephyr.a(shell_ops.c.obj)
                0x00000000001042dc                shell_print_cmd
 .text.shell_write
                0x00000000001042fb       0x8c zephyr/libzephyr.a(shell_ops.c.obj)
                0x00000000001042fb                shell_write
 .text.shell_print_stream
                0x0000000000104387        0x5 zephyr/libzephyr.a(shell_ops.c.obj)
                0x0000000000104387                shell_print_stream
 .text.shell_vt100_color_set
                0x000000000010438c       0x50 zephyr/libzephyr.a(shell_ops.c.obj)
                0x000000000010438c                shell_vt100_color_set
 .text.shell_vt100_colors_restore
                0x00000000001043dc       0x5b zephyr/libzephyr.a(shell_ops.c.obj)
                0x00000000001043dc                shell_vt100_colors_restore
 .text.shell_internal_vfprintf
                0x0000000000104437       0x72 zephyr/libzephyr.a(shell_ops.c.obj)
                0x0000000000104437                shell_internal_vfprintf
 .text.shell_internal_fprintf
                0x00000000001044a9       0x1a zephyr/libzephyr.a(shell_ops.c.obj)
                0x00000000001044a9                shell_internal_fprintf
 .text.shell_op_word_remove
                0x00000000001044c3       0xce zephyr/libzephyr.a(shell_ops.c.obj)
                0x00000000001044c3                shell_op_word_remove
 .text.reprint_from_cursor
                0x0000000000104591       0x7a zephyr/libzephyr.a(shell_ops.c.obj)
 .text.data_insert
                0x000000000010460b       0x9c zephyr/libzephyr.a(shell_ops.c.obj)
 .text.shell_op_char_insert
                0x00000000001046a7       0x86 zephyr/libzephyr.a(shell_ops.c.obj)
                0x00000000001046a7                shell_op_char_insert
 .text.shell_op_completion_insert
                0x000000000010472d       0x13 zephyr/libzephyr.a(shell_ops.c.obj)
                0x000000000010472d                shell_op_completion_insert
 .text.shell_op_char_delete
                0x0000000000104740       0x52 zephyr/libzephyr.a(shell_ops.c.obj)
                0x0000000000104740                shell_op_char_delete
 .text.shell_op_char_backspace
                0x0000000000104792       0x33 zephyr/libzephyr.a(shell_ops.c.obj)
                0x0000000000104792                shell_op_char_backspace
 .text.shell_print_prompt_and_cmd
                0x00000000001047c5       0x41 zephyr/libzephyr.a(shell_ops.c.obj)
                0x00000000001047c5                shell_print_prompt_and_cmd
 .text.z_impl_uart_irq_tx_disable
                0x0000000000104806       0x14 zephyr/libzephyr.a(shell_uart.c.obj)
 .text.uninit   0x000000000010481a        0x3 zephyr/libzephyr.a(shell_uart.c.obj)
 .text.enable   0x000000000010481d       0x20 zephyr/libzephyr.a(shell_uart.c.obj)
 .text.read     0x000000000010483d       0x23 zephyr/libzephyr.a(shell_uart.c.obj)
 .text.enable_shell_uart
                0x0000000000104860       0x2a zephyr/libzephyr.a(shell_uart.c.obj)
 .text.init     0x000000000010488a       0x4c zephyr/libzephyr.a(shell_uart.c.obj)
 .text.write    0x00000000001048d6       0x8a zephyr/libzephyr.a(shell_uart.c.obj)
 .text.uart_callback
                0x0000000000104960      0x15f zephyr/libzephyr.a(shell_uart.c.obj)
 .text.shell_raw_fprintf
                0x0000000000104abf       0x17 zephyr/libzephyr.a(shell_help.c.obj)
 .text.formatted_text_print.constprop.2
                0x0000000000104ad6      0x15a zephyr/libzephyr.a(shell_help.c.obj)
 .text.shell_help_subcmd_print
                0x0000000000104c30      0x120 zephyr/libzephyr.a(shell_help.c.obj)
                0x0000000000104c30                shell_help_subcmd_print
 .text.shell_help_cmd_print
                0x0000000000104d50       0x5c zephyr/libzephyr.a(shell_help.c.obj)
                0x0000000000104d50                shell_help_cmd_print
 .text.cmd_bacskpace_mode_backspace
                0x0000000000104dac       0x1e zephyr/libzephyr.a(shell_cmds.c.obj)
 .text.cmd_bacskpace_mode_delete
                0x0000000000104dca       0x1e zephyr/libzephyr.a(shell_cmds.c.obj)
 .text.cmd_colors_off
                0x0000000000104de8       0x1e zephyr/libzephyr.a(shell_cmds.c.obj)
 .text.cmd_colors_on
                0x0000000000104e06       0x1e zephyr/libzephyr.a(shell_cmds.c.obj)
 .text.cmd_echo_off
                0x0000000000104e24       0x1e zephyr/libzephyr.a(shell_cmds.c.obj)
 .text.cmd_echo_on
                0x0000000000104e42       0x1e zephyr/libzephyr.a(shell_cmds.c.obj)
 .text.cmd_shell_stats_reset
                0x0000000000104e60       0x13 zephyr/libzephyr.a(shell_cmds.c.obj)
 .text.shell_raw_fprintf
                0x0000000000104e73       0x17 zephyr/libzephyr.a(shell_cmds.c.obj)
 .text.cmd_clear
                0x0000000000104e8a       0x38 zephyr/libzephyr.a(shell_cmds.c.obj)
 .text.cmd_resize_default
                0x0000000000104ec2       0x2d zephyr/libzephyr.a(shell_cmds.c.obj)
 .text.cmd_shell_stats_show
                0x0000000000104eef       0x1f zephyr/libzephyr.a(shell_cmds.c.obj)
 .text.cmd_help
                0x0000000000104f0e       0x2e zephyr/libzephyr.a(shell_cmds.c.obj)
 .text.cmd_history
                0x0000000000104f3c       0x5f zephyr/libzephyr.a(shell_cmds.c.obj)
 .text.cmd_echo
                0x0000000000104f9b       0x5d zephyr/libzephyr.a(shell_cmds.c.obj)
 .text.cmd_resize
                0x0000000000104ff8      0x1f6 zephyr/libzephyr.a(shell_cmds.c.obj)
 .text.remove_from_tail
                0x00000000001051ee       0x4a zephyr/libzephyr.a(shell_history.c.obj)
 .text.shell_history_mode_exit
                0x0000000000105238        0xf zephyr/libzephyr.a(shell_history.c.obj)
                0x0000000000105238                shell_history_mode_exit
 .text.shell_history_get
                0x0000000000105247       0x7b zephyr/libzephyr.a(shell_history.c.obj)
                0x0000000000105247                shell_history_get
 .text.shell_history_purge
                0x00000000001052c2       0x1b zephyr/libzephyr.a(shell_history.c.obj)
                0x00000000001052c2                shell_history_purge
 .text.shell_history_put
                0x00000000001052dd       0xad zephyr/libzephyr.a(shell_history.c.obj)
                0x00000000001052dd                shell_history_put
 .text.shell_history_init
                0x000000000010538a       0x18 zephyr/libzephyr.a(shell_history.c.obj)
                0x000000000010538a                shell_history_init
 .text.dropped  0x00000000001053a2       0x1f zephyr/libzephyr.a(shell_log_backend.c.obj)
 .text.put      0x00000000001053c1      0x117 zephyr/libzephyr.a(shell_log_backend.c.obj)
 .text.shell_log_backend_output_func
                0x00000000001054d8       0x1d zephyr/libzephyr.a(shell_log_backend.c.obj)
                0x00000000001054d8                shell_log_backend_output_func
 .text.shell_log_backend_enable
                0x00000000001054f5       0x39 zephyr/libzephyr.a(shell_log_backend.c.obj)
                0x00000000001054f5                shell_log_backend_enable
 .text.shell_log_backend_disable
                0x000000000010552e       0x46 zephyr/libzephyr.a(shell_log_backend.c.obj)
                0x000000000010552e                shell_log_backend_disable
 .text.shell_log_backend_process
                0x0000000000105574       0xc7 zephyr/libzephyr.a(shell_log_backend.c.obj)
                0x0000000000105574                shell_log_backend_process
 .text.panic    0x000000000010563b       0x7f zephyr/libzephyr.a(shell_log_backend.c.obj)
 .text.shell_wildcard_character_exist
                0x00000000001056ba       0x3d zephyr/libzephyr.a(shell_wildcard.c.obj)
                0x00000000001056ba                shell_wildcard_character_exist
 .text.shell_wildcard_prepare
                0x00000000001056f7       0x6b zephyr/libzephyr.a(shell_wildcard.c.obj)
                0x00000000001056f7                shell_wildcard_prepare
 .text.shell_wildcard_process
                0x0000000000105762      0x16c zephyr/libzephyr.a(shell_wildcard.c.obj)
                0x0000000000105762                shell_wildcard_process
 .text.shell_wildcard_finalize
                0x00000000001058ce       0x31 zephyr/libzephyr.a(shell_wildcard.c.obj)
                0x00000000001058ce                shell_wildcard_finalize
 .text.console_out
                0x00000000001058ff       0x31 zephyr/libzephyr.a(uart_console.c.obj)
 .text.uart_console_hook_install
                0x0000000000105930       0x1c zephyr/libzephyr.a(uart_console.c.obj)
                0x0000000000105930                uart_console_hook_install
 .text.uart_console_init
                0x000000000010594c       0x1c zephyr/libzephyr.a(uart_console.c.obj)
 .text.__IoApicSet
                0x0000000000105968       0x19 zephyr/libzephyr.a(ioapic_intr.c.obj)
 .text.IoApicRedUpdateLo
                0x0000000000105981       0x31 zephyr/libzephyr.a(ioapic_intr.c.obj)
 .text._ioapic_init
                0x00000000001059b2       0x2c zephyr/libzephyr.a(ioapic_intr.c.obj)
                0x00000000001059b2                _ioapic_init
 .text.z_ioapic_irq_enable
                0x00000000001059de       0x13 zephyr/libzephyr.a(ioapic_intr.c.obj)
                0x00000000001059de                z_ioapic_irq_enable
 .text.z_ioapic_irq_disable
                0x00000000001059f1       0x16 zephyr/libzephyr.a(ioapic_intr.c.obj)
                0x00000000001059f1                z_ioapic_irq_disable
 .text.z_ioapic_irq_set
                0x0000000000105a07       0x34 zephyr/libzephyr.a(ioapic_intr.c.obj)
                0x0000000000105a07                z_ioapic_irq_set
 .text.loapic_init
                0x0000000000105a3b       0x86 zephyr/libzephyr.a(loapic_intr.c.obj)
 .text.z_loapic_int_vec_set
                0x0000000000105ac1       0x29 zephyr/libzephyr.a(loapic_intr.c.obj)
                0x0000000000105ac1                z_loapic_int_vec_set
 .text.z_loapic_irq_enable
                0x0000000000105aea       0x2a zephyr/libzephyr.a(loapic_intr.c.obj)
                0x0000000000105aea                z_loapic_irq_enable
 .text.z_loapic_irq_disable
                0x0000000000105b14       0x2a zephyr/libzephyr.a(loapic_intr.c.obj)
                0x0000000000105b14                z_loapic_irq_disable
 .text.__irq_controller_isr_vector_get
                0x0000000000105b3e       0x2b zephyr/libzephyr.a(loapic_intr.c.obj)
                0x0000000000105b3e                __irq_controller_isr_vector_get
 .text.__irq_controller_irq_config
                0x0000000000105b69       0x26 zephyr/libzephyr.a(system_apic.c.obj)
                0x0000000000105b69                __irq_controller_irq_config
 .text.z_arch_irq_enable
                0x0000000000105b8f       0x1d zephyr/libzephyr.a(system_apic.c.obj)
                0x0000000000105b8f                z_arch_irq_enable
 .text.z_arch_irq_disable
                0x0000000000105bac       0x1d zephyr/libzephyr.a(system_apic.c.obj)
                0x0000000000105bac                z_arch_irq_disable
 .text.isr_register
                0x0000000000105bc9       0x3d zephyr/libzephyr.a(shared_irq.c.obj)
 .text.shared_irq_isr
                0x0000000000105c06       0x31 zephyr/libzephyr.a(shared_irq.c.obj)
                0x0000000000105c06                shared_irq_isr
 .text.shared_irq_initialize
                0x0000000000105c37       0x12 zephyr/libzephyr.a(shared_irq.c.obj)
                0x0000000000105c37                shared_irq_initialize
 .text.disable  0x0000000000105c49       0x5c zephyr/libzephyr.a(shared_irq.c.obj)
 .text.enable   0x0000000000105ca5       0x49 zephyr/libzephyr.a(shared_irq.c.obj)
 .text.shared_irq_config_0_irq
                0x0000000000105cee       0x1c zephyr/libzephyr.a(shared_irq.c.obj)
                0x0000000000105cee                shared_irq_config_0_irq
 .text.irqstubs
                0x0000000000105d0a        0xf zephyr/libzephyr.a(shared_irq.c.obj)
                0x0000000000105d0a                shared_irq_isr_irq18_stub
 .text.pci_set_command_bits
                0x0000000000105d19       0x57 zephyr/libzephyr.a(pci.c.obj)
 .text.pci_bus_scan_init
                0x0000000000105d70       0x33 zephyr/libzephyr.a(pci.c.obj)
                0x0000000000105d70                pci_bus_scan_init
 .text.pci_bus_scan
                0x0000000000105da3      0x5cd zephyr/libzephyr.a(pci.c.obj)
                0x0000000000105da3                pci_bus_scan
 .text.pci_enable_regs
                0x0000000000106370       0x11 zephyr/libzephyr.a(pci.c.obj)
                0x0000000000106370                pci_enable_regs
 .text.pci_read
                0x0000000000106381       0x74 zephyr/libzephyr.a(pci_interface.c.obj)
                0x0000000000106381                pci_read
 .text.pci_write
                0x00000000001063f5       0x6e zephyr/libzephyr.a(pci_interface.c.obj)
                0x00000000001063f5                pci_write
 .text.pci_header_get
                0x0000000000106463       0x4b zephyr/libzephyr.a(pci_interface.c.obj)
                0x0000000000106463                pci_header_get
 .text.pci_legacy_bridge_detect
                0x00000000001064ae      0x11f zephyr/libzephyr.a(pci_legacy_bridge.c.obj)
                0x00000000001064ae                pci_legacy_bridge_detect
 .text.pci_legacy_bridge_configure
                0x00000000001065cd       0x47 zephyr/libzephyr.a(pci_legacy_bridge.c.obj)
                0x00000000001065cd                pci_legacy_bridge_configure
 .text.hpet_isr
                0x0000000000106614       0x3c zephyr/libzephyr.a(hpet.c.obj)
 .text.z_clock_driver_init
                0x0000000000106650       0xc6 zephyr/libzephyr.a(hpet.c.obj)
                0x0000000000106650                z_clock_driver_init
 .text.irqstubs
                0x0000000000106716        0xc zephyr/libzephyr.a(hpet.c.obj)
                0x0000000000106716                hpet_isr_irq2_stub
 .text.z_clock_set_timeout
                0x0000000000106722       0x86 zephyr/libzephyr.a(hpet.c.obj)
                0x0000000000106722                z_clock_set_timeout
 .text.z_clock_elapsed
                0x00000000001067a8       0x1e zephyr/libzephyr.a(hpet.c.obj)
                0x00000000001067a8                z_clock_elapsed
 .text.z_timer_cycle_get_32
                0x00000000001067c6        0x6 zephyr/libzephyr.a(hpet.c.obj)
                0x00000000001067c6                z_timer_cycle_get_32
 .text.init_cache
                0x00000000001067cc       0x11 zephyr/arch/arch/x86/core/libarch__x86__core.a(cache.c.obj)
 .text.z_cache_line_size_get
                0x00000000001067dd       0x14 zephyr/arch/arch/x86/core/libarch__x86__core.a(cache_s.S.obj)
                0x00000000001067dd                z_cache_line_size_get
 .text.k_cpu_idle
                0x00000000001067f1        0x3 zephyr/arch/arch/x86/core/libarch__x86__core.a(cpuhalt.c.obj)
                0x00000000001067f1                k_cpu_idle
 .text._exception_enter
                0x00000000001067f4       0x2c zephyr/arch/arch/x86/core/libarch__x86__core.a(excstub.S.obj)
                0x00000000001067f4                _exception_enter
 .text._kernel_oops_handler
                0x0000000000106820        0xc zephyr/arch/arch/x86/core/libarch__x86__core.a(excstub.S.obj)
                0x0000000000106820                _kernel_oops_handler
 .text._interrupt_enter
                0x000000000010682c       0x51 zephyr/arch/arch/x86/core/libarch__x86__core.a(intstub.S.obj)
                0x000000000010682c                _interrupt_enter
 .text.z_SpuriousIntNoErrCodeHandler
                0x000000000010687d        0x2 zephyr/arch/arch/x86/core/libarch__x86__core.a(intstub.S.obj)
                0x000000000010687d                z_SpuriousIntNoErrCodeHandler
 .text.z_SpuriousIntHandler
                0x000000000010687f       0x16 zephyr/arch/arch/x86/core/libarch__x86__core.a(intstub.S.obj)
                0x000000000010687f                z_SpuriousIntHandler
 .text.__swap   0x0000000000106895       0x29 zephyr/arch/arch/x86/core/libarch__x86__core.a(swap.S.obj)
                0x0000000000106895                __swap
 .text.z_SysFatalErrorHandler
                0x00000000001068be       0x69 zephyr/arch/arch/x86/core/libarch__x86__core.a(sys_fatal_error_handler.c.obj)
                0x00000000001068be                z_SysFatalErrorHandler
 .text.z_new_thread
                0x0000000000106927       0x7f zephyr/arch/arch/x86/core/libarch__x86__core.a(thread.c.obj)
                0x0000000000106927                z_new_thread
 .text.z_debug_fatal_hook
                0x00000000001069a6        0x1 zephyr/arch/arch/x86/core/libarch__x86__core.a(fatal.c.obj)
                0x00000000001069a6                z_debug_fatal_hook
 .text.z_NanoFatalErrorHandler
                0x00000000001069a7       0xf3 zephyr/arch/arch/x86/core/libarch__x86__core.a(fatal.c.obj)
                0x00000000001069a7                z_NanoFatalErrorHandler
 .text.generic_exc_handle
                0x0000000000106a9a       0x66 zephyr/arch/arch/x86/core/libarch__x86__core.a(fatal.c.obj)
 .text.z_do_kernel_oops
                0x0000000000106b00       0x10 zephyr/arch/arch/x86/core/libarch__x86__core.a(fatal.c.obj)
                0x0000000000106b00                z_do_kernel_oops
 .text.handle_exc_0
                0x0000000000106b10        0xd zephyr/arch/arch/x86/core/libarch__x86__core.a(fatal.c.obj)
                0x0000000000106b10                handle_exc_0
 .text.handle_exc_2
                0x0000000000106b1d       0x10 zephyr/arch/arch/x86/core/libarch__x86__core.a(fatal.c.obj)
                0x0000000000106b1d                handle_exc_2
 .text.handle_exc_4
                0x0000000000106b2d       0x10 zephyr/arch/arch/x86/core/libarch__x86__core.a(fatal.c.obj)
                0x0000000000106b2d                handle_exc_4
 .text.handle_exc_5
                0x0000000000106b3d       0x10 zephyr/arch/arch/x86/core/libarch__x86__core.a(fatal.c.obj)
                0x0000000000106b3d                handle_exc_5
 .text.handle_exc_6
                0x0000000000106b4d       0x10 zephyr/arch/arch/x86/core/libarch__x86__core.a(fatal.c.obj)
                0x0000000000106b4d                handle_exc_6
 .text.handle_exc_7
                0x0000000000106b5d       0x10 zephyr/arch/arch/x86/core/libarch__x86__core.a(fatal.c.obj)
                0x0000000000106b5d                handle_exc_7
 .text.handle_exc_8
                0x0000000000106b6d       0x10 zephyr/arch/arch/x86/core/libarch__x86__core.a(fatal.c.obj)
                0x0000000000106b6d                handle_exc_8
 .text.handle_exc_10
                0x0000000000106b7d       0x10 zephyr/arch/arch/x86/core/libarch__x86__core.a(fatal.c.obj)
                0x0000000000106b7d                handle_exc_10
 .text.handle_exc_11
                0x0000000000106b8d       0x10 zephyr/arch/arch/x86/core/libarch__x86__core.a(fatal.c.obj)
                0x0000000000106b8d                handle_exc_11
 .text.handle_exc_12
                0x0000000000106b9d       0x10 zephyr/arch/arch/x86/core/libarch__x86__core.a(fatal.c.obj)
                0x0000000000106b9d                handle_exc_12
 .text.handle_exc_13
                0x0000000000106bad       0x10 zephyr/arch/arch/x86/core/libarch__x86__core.a(fatal.c.obj)
                0x0000000000106bad                handle_exc_13
 .text.handle_exc_16
                0x0000000000106bbd       0x10 zephyr/arch/arch/x86/core/libarch__x86__core.a(fatal.c.obj)
                0x0000000000106bbd                handle_exc_16
 .text.handle_exc_17
                0x0000000000106bcd       0x10 zephyr/arch/arch/x86/core/libarch__x86__core.a(fatal.c.obj)
                0x0000000000106bcd                handle_exc_17
 .text.handle_exc_18
                0x0000000000106bdd       0x10 zephyr/arch/arch/x86/core/libarch__x86__core.a(fatal.c.obj)
                0x0000000000106bdd                handle_exc_18
 .text.page_fault_handler
                0x0000000000106bed       0x5c zephyr/arch/arch/x86/core/libarch__x86__core.a(fatal.c.obj)
                0x0000000000106bed                page_fault_handler
 .text.atoi     0x0000000000106c49       0x53 zephyr/lib/libc/minimal/liblib__libc__minimal.a(atoi.c.obj)
                0x0000000000106c49                atoi
 .text.strstr   0x0000000000106c9c       0x5a zephyr/lib/libc/minimal/liblib__libc__minimal.a(strstr.c.obj)
                0x0000000000106c9c                strstr
 .text.strcpy   0x0000000000106cf6       0x22 zephyr/lib/libc/minimal/liblib__libc__minimal.a(string.c.obj)
                0x0000000000106cf6                strcpy
 .text.strncpy  0x0000000000106d18       0x3c zephyr/lib/libc/minimal/liblib__libc__minimal.a(string.c.obj)
                0x0000000000106d18                strncpy
 .text.strchr   0x0000000000106d54       0x22 zephyr/lib/libc/minimal/liblib__libc__minimal.a(string.c.obj)
                0x0000000000106d54                strchr
 .text.strlen   0x0000000000106d76       0x13 zephyr/lib/libc/minimal/liblib__libc__minimal.a(string.c.obj)
                0x0000000000106d76                strlen
 .text.strcmp   0x0000000000106d89       0x20 zephyr/lib/libc/minimal/liblib__libc__minimal.a(string.c.obj)
                0x0000000000106d89                strcmp
 .text.strncmp  0x0000000000106da9       0x30 zephyr/lib/libc/minimal/liblib__libc__minimal.a(string.c.obj)
                0x0000000000106da9                strncmp
 .text.memmove  0x0000000000106dd9       0x39 zephyr/lib/libc/minimal/liblib__libc__minimal.a(string.c.obj)
                0x0000000000106dd9                memmove
 .text.memcpy   0x0000000000106e12       0x6f zephyr/lib/libc/minimal/liblib__libc__minimal.a(string.c.obj)
                0x0000000000106e12                memcpy
 .text.memset   0x0000000000106e81       0x71 zephyr/lib/libc/minimal/liblib__libc__minimal.a(string.c.obj)
                0x0000000000106e81                memset
 .text._to_x    0x0000000000106ef2       0x5c zephyr/lib/libc/minimal/liblib__libc__minimal.a(prf.c.obj)
 .text._rlrshift
                0x0000000000106f4e       0x2c zephyr/lib/libc/minimal/liblib__libc__minimal.a(prf.c.obj)
 .text._ldiv5   0x0000000000106f7a       0x97 zephyr/lib/libc/minimal/liblib__libc__minimal.a(prf.c.obj)
 .text._get_digit
                0x0000000000107011       0x45 zephyr/lib/libc/minimal/liblib__libc__minimal.a(prf.c.obj)
 .text.z_prf    0x0000000000107056      0xc00 zephyr/lib/libc/minimal/liblib__libc__minimal.a(prf.c.obj)
                0x0000000000107056                z_prf
 .text._stdout_hook_default
                0x0000000000107c56        0x4 zephyr/lib/libc/minimal/liblib__libc__minimal.a(stdout_console.c.obj)
 .text.__stdout_hook_install
                0x0000000000107c5a        0xd zephyr/lib/libc/minimal/liblib__libc__minimal.a(stdout_console.c.obj)
                0x0000000000107c5a                __stdout_hook_install
 .text.sprintf_out
                0x0000000000107c67       0x1c zephyr/lib/libc/minimal/liblib__libc__minimal.a(sprintf.c.obj)
 .text.snprintf
                0x0000000000107c83       0x39 zephyr/lib/libc/minimal/liblib__libc__minimal.a(sprintf.c.obj)
                0x0000000000107c83                snprintf
 .text.pinmux_pullup
                0x0000000000107cbc        0x3 zephyr/boards/x86/galileo/libboards__x86__galileo.a(pinmux.c.obj)
 .text.pinmux_get
                0x0000000000107cbf       0x26 zephyr/boards/x86/galileo/libboards__x86__galileo.a(pinmux.c.obj)
 .text.pinmux_input_enable
                0x0000000000107ce5        0x3 zephyr/boards/x86/galileo/libboards__x86__galileo.a(pinmux.c.obj)
 .text.gpio_pin_write
                0x0000000000107ce8       0x17 zephyr/boards/x86/galileo/libboards__x86__galileo.a(pinmux.c.obj)
 .text.gpio_pin_configure
                0x0000000000107cff       0x16 zephyr/boards/x86/galileo/libboards__x86__galileo.a(pinmux.c.obj)
 .text.z_galileo_pinmux_set_pin
                0x0000000000107d15       0xff zephyr/boards/x86/galileo/libboards__x86__galileo.a(pinmux.c.obj)
                0x0000000000107d15                z_galileo_pinmux_set_pin
 .text.pinmux_galileo_initialize
                0x0000000000107e14       0xbd zephyr/boards/x86/galileo/libboards__x86__galileo.a(pinmux.c.obj)
 .text.pinmux_set
                0x0000000000107ed1       0x16 zephyr/boards/x86/galileo/libboards__x86__galileo.a(pinmux.c.obj)
 .text.dw_set_bit
                0x0000000000107ee7       0x15 zephyr/drivers/gpio/libdrivers__gpio.a(gpio_dw.c.obj)
 .text.gpio_dw_write
                0x0000000000107efc       0x2b zephyr/drivers/gpio/libdrivers__gpio.a(gpio_dw.c.obj)
 .text.gpio_dw_read
                0x0000000000107f27       0x4f zephyr/drivers/gpio/libdrivers__gpio.a(gpio_dw.c.obj)
 .text.gpio_dw_manage_callback
                0x0000000000107f76       0x7b zephyr/drivers/gpio/libdrivers__gpio.a(gpio_dw.c.obj)
 .text.gpio_dw_enable_callback
                0x0000000000107ff1       0x4b zephyr/drivers/gpio/libdrivers__gpio.a(gpio_dw.c.obj)
 .text.gpio_dw_disable_callback
                0x000000000010803c       0x3c zephyr/drivers/gpio/libdrivers__gpio.a(gpio_dw.c.obj)
 .text.gpio_dw_isr
                0x0000000000108078       0x44 zephyr/drivers/gpio/libdrivers__gpio.a(gpio_dw.c.obj)
 .text.gpio_dw_initialize
                0x00000000001080bc       0x8f zephyr/drivers/gpio/libdrivers__gpio.a(gpio_dw.c.obj)
 .text.dw_pin_config
                0x000000000010814b      0x116 zephyr/drivers/gpio/libdrivers__gpio.a(gpio_dw.c.obj)
 .text.gpio_dw_config
                0x0000000000108261       0x54 zephyr/drivers/gpio/libdrivers__gpio.a(gpio_dw.c.obj)
 .text.gpio_config_0_irq
                0x00000000001082b5       0x39 zephyr/drivers/gpio/libdrivers__gpio.a(gpio_dw.c.obj)
 .text.gpio_pcal9535a_init
                0x00000000001082ee       0x2b zephyr/drivers/gpio/libdrivers__gpio.a(gpio_pcal9535a.c.obj)
 .text.gpio_pcal9535a_read
                0x0000000000108319       0xc9 zephyr/drivers/gpio/libdrivers__gpio.a(gpio_pcal9535a.c.obj)
 .text.write_port_regs
                0x00000000001083e2       0x8d zephyr/drivers/gpio/libdrivers__gpio.a(gpio_pcal9535a.c.obj)
 .text.gpio_pcal9535a_write
                0x000000000010846f       0x6b zephyr/drivers/gpio/libdrivers__gpio.a(gpio_pcal9535a.c.obj)
 .text.gpio_pcal9535a_config
                0x00000000001084da      0x28d zephyr/drivers/gpio/libdrivers__gpio.a(gpio_pcal9535a.c.obj)
 .text.gpio_sch_read
                0x0000000000108767       0x44 zephyr/drivers/gpio/libdrivers__gpio.a(gpio_sch.c.obj)
 .text.gpio_sch_init
                0x00000000001087ab       0x1f zephyr/drivers/gpio/libdrivers__gpio.a(gpio_sch.c.obj)
 .text.set_bit  0x00000000001087ca       0x21 zephyr/drivers/gpio/libdrivers__gpio.a(gpio_sch.c.obj)
 .text.gpio_sch_write
                0x00000000001087eb       0x46 zephyr/drivers/gpio/libdrivers__gpio.a(gpio_sch.c.obj)
 .text._gpio_sch_manage_callback
                0x0000000000108831       0x58 zephyr/drivers/gpio/libdrivers__gpio.a(gpio_sch.c.obj)
 .text.gpio_sch_enable_callback
                0x0000000000108889       0xa7 zephyr/drivers/gpio/libdrivers__gpio.a(gpio_sch.c.obj)
 .text.gpio_sch_manage_callback
                0x0000000000108930       0xa1 zephyr/drivers/gpio/libdrivers__gpio.a(gpio_sch.c.obj)
 .text.gpio_sch_poll_status
                0x00000000001089d1       0x93 zephyr/drivers/gpio/libdrivers__gpio.a(gpio_sch.c.obj)
 .text.gpio_pin_config
                0x0000000000108a64       0x98 zephyr/drivers/gpio/libdrivers__gpio.a(gpio_sch.c.obj)
 .text.gpio_sch_config
                0x0000000000108afc       0x61 zephyr/drivers/gpio/libdrivers__gpio.a(gpio_sch.c.obj)
 .text.gpio_sch_disable_callback
                0x0000000000108b5d       0x79 zephyr/drivers/gpio/libdrivers__gpio.a(gpio_sch.c.obj)
 .text.i2c_dw_runtime_configure
                0x0000000000108bd6      0x104 zephyr/drivers/i2c/libdrivers__i2c.a(i2c_dw.c.obj)
 .text.i2c_dw_isr
                0x0000000000108cda      0x249 zephyr/drivers/i2c/libdrivers__i2c.a(i2c_dw.c.obj)
 .text.i2c_dw_initialize
                0x0000000000108f23      0x10e zephyr/drivers/i2c/libdrivers__i2c.a(i2c_dw.c.obj)
 .text.i2c_config_0
                0x0000000000109031       0x39 zephyr/drivers/i2c/libdrivers__i2c.a(i2c_dw.c.obj)
 .text.i2c_dw_transfer
                0x000000000010906a      0x20e zephyr/drivers/i2c/libdrivers__i2c.a(i2c_dw.c.obj)
 .text.pwm_pca9685_pin_set_cycles
                0x0000000000109278       0xb8 zephyr/drivers/pwm/libdrivers__pwm.a(pwm_pca9685.c.obj)
 .text.pwm_pca9685_init
                0x0000000000109330       0x6a zephyr/drivers/pwm/libdrivers__pwm.a(pwm_pca9685.c.obj)
                0x0000000000109330                pwm_pca9685_init
 .text.HCSR1_init
                0x000000000010939a        0x3 zephyr/drivers/sensor/hc-sr04/libdrivers__sensor__hc-sr04.a(hcsr04.c.obj)
                0x000000000010939a                HCSR1_init
 .text.hcsr04_sample_fetch
                0x000000000010939d        0x3 zephyr/drivers/sensor/hc-sr04/libdrivers__sensor__hc-sr04.a(hcsr04.c.obj)
 .text.hcsr04_channel_get
                0x00000000001093a0        0x3 zephyr/drivers/sensor/hc-sr04/libdrivers__sensor__hc-sr04.a(hcsr04.c.obj)
 .text.hcsr04_attr_set
                0x00000000001093a3       0x12 zephyr/drivers/sensor/hc-sr04/libdrivers__sensor__hc-sr04.a(hcsr04.c.obj)
 .text.HCSR0_init
                0x00000000001093b5       0x5d zephyr/drivers/sensor/hc-sr04/libdrivers__sensor__hc-sr04.a(hcsr04.c.obj)
                0x00000000001093b5                HCSR0_init
 .text.spi_config_0_irq
                0x0000000000109412       0x19 zephyr/drivers/spi/libdrivers__spi.a(spi_intel.c.obj)
                0x0000000000109412                spi_config_0_irq
 .text.irqstubs
                0x000000000010942b        0xf zephyr/drivers/spi/libdrivers__spi.a(spi_intel.c.obj)
                0x000000000010942b                spi_intel_isr_irq16_stub
 .text.spi_intel_init
                0x000000000010943a       0x4b zephyr/drivers/spi/libdrivers__spi.a(spi_intel.c.obj)
                0x000000000010943a                spi_intel_init
 .text.gpio_pin_write
                0x0000000000109485       0x17 zephyr/drivers/spi/libdrivers__spi.a(spi_intel.c.obj)
 .text._spi_context_cs_control
                0x000000000010949c       0x78 zephyr/drivers/spi/libdrivers__spi.a(spi_intel.c.obj)
 .text.spi_intel_isr
                0x0000000000109514      0x1e9 zephyr/drivers/spi/libdrivers__spi.a(spi_intel.c.obj)
                0x0000000000109514                spi_intel_isr
 .text.spi_intel_transceive
                0x00000000001096fd      0x21d zephyr/drivers/spi/libdrivers__spi.a(spi_intel.c.obj)
 .text.spi_intel_release
                0x000000000010991a       0x53 zephyr/drivers/spi/libdrivers__spi.a(spi_intel.c.obj)
 .text.uart_ns16550_poll_in
                0x000000000010996d       0x28 zephyr/drivers/serial/libdrivers__serial.a(uart_ns16550.c.obj)
 .text.uart_ns16550_poll_out
                0x0000000000109995       0x1f zephyr/drivers/serial/libdrivers__serial.a(uart_ns16550.c.obj)
 .text.uart_ns16550_err_check
                0x00000000001099b4       0x15 zephyr/drivers/serial/libdrivers__serial.a(uart_ns16550.c.obj)
 .text.uart_ns16550_fifo_fill
                0x00000000001099c9       0x30 zephyr/drivers/serial/libdrivers__serial.a(uart_ns16550.c.obj)
 .text.uart_ns16550_fifo_read
                0x00000000001099f9       0x2e zephyr/drivers/serial/libdrivers__serial.a(uart_ns16550.c.obj)
 .text.uart_ns16550_irq_tx_enable
                0x0000000000109a27       0x16 zephyr/drivers/serial/libdrivers__serial.a(uart_ns16550.c.obj)
 .text.uart_ns16550_irq_tx_disable
                0x0000000000109a3d       0x16 zephyr/drivers/serial/libdrivers__serial.a(uart_ns16550.c.obj)
 .text.uart_ns16550_irq_tx_ready
                0x0000000000109a53       0x19 zephyr/drivers/serial/libdrivers__serial.a(uart_ns16550.c.obj)
 .text.uart_ns16550_irq_tx_complete
                0x0000000000109a6c       0x1b zephyr/drivers/serial/libdrivers__serial.a(uart_ns16550.c.obj)
 .text.uart_ns16550_irq_rx_enable
                0x0000000000109a87       0x16 zephyr/drivers/serial/libdrivers__serial.a(uart_ns16550.c.obj)
 .text.uart_ns16550_irq_rx_disable
                0x0000000000109a9d       0x16 zephyr/drivers/serial/libdrivers__serial.a(uart_ns16550.c.obj)
 .text.uart_ns16550_irq_rx_ready
                0x0000000000109ab3       0x19 zephyr/drivers/serial/libdrivers__serial.a(uart_ns16550.c.obj)
 .text.uart_ns16550_irq_err_enable
                0x0000000000109acc       0x16 zephyr/drivers/serial/libdrivers__serial.a(uart_ns16550.c.obj)
 .text.uart_ns16550_irq_err_disable
                0x0000000000109ae2       0x16 zephyr/drivers/serial/libdrivers__serial.a(uart_ns16550.c.obj)
 .text.uart_ns16550_irq_is_pending
                0x0000000000109af8       0x13 zephyr/drivers/serial/libdrivers__serial.a(uart_ns16550.c.obj)
 .text.uart_ns16550_irq_update
                0x0000000000109b0b       0x18 zephyr/drivers/serial/libdrivers__serial.a(uart_ns16550.c.obj)
 .text.uart_ns16550_irq_callback_set
                0x0000000000109b23       0x17 zephyr/drivers/serial/libdrivers__serial.a(uart_ns16550.c.obj)
 .text.uart_ns16550_isr
                0x0000000000109b3a       0x1b zephyr/drivers/serial/libdrivers__serial.a(uart_ns16550.c.obj)
 .text.irq_config_func_0
                0x0000000000109b55       0x27 zephyr/drivers/serial/libdrivers__serial.a(uart_ns16550.c.obj)
 .text.irqstubs
                0x0000000000109b7c       0x1e zephyr/drivers/serial/libdrivers__serial.a(uart_ns16550.c.obj)
                0x0000000000109b7c                uart_ns16550_isr_irq0_stub
                0x0000000000109b8b                uart_ns16550_isr_irq17_stub
 .text.irq_config_func_1
                0x0000000000109b9a       0x27 zephyr/drivers/serial/libdrivers__serial.a(uart_ns16550.c.obj)
 .text.uart_ns16550_init
                0x0000000000109bc1      0x107 zephyr/drivers/serial/libdrivers__serial.a(uart_ns16550.c.obj)
 .text.z_sys_device_do_config_level
                0x0000000000109cc8       0x36 zephyr/kernel/libkernel.a(device.c.obj)
                0x0000000000109cc8                z_sys_device_do_config_level
 .text.z_impl_device_get_binding
                0x0000000000109cfe       0x5b zephyr/kernel/libkernel.a(device.c.obj)
                0x0000000000109cfe                z_impl_device_get_binding
 .text.device_busy_set
                0x0000000000109d59        0x1 zephyr/kernel/libkernel.a(device.c.obj)
                0x0000000000109d59                device_busy_set
 .text.device_busy_clear
                0x0000000000109d5a        0x1 zephyr/kernel/libkernel.a(device.c.obj)
                0x0000000000109d5a                device_busy_clear
 .text.bg_thread_main
                0x0000000000109d5b       0x2a zephyr/kernel/libkernel.a(init.c.obj)
 .text.z_cstart
                0x0000000000109d85      0x10e zephyr/kernel/libkernel.a(init.c.obj)
                0x0000000000109d85                z_cstart
 .text.init_mem_slab_module
                0x0000000000109e93       0x45 zephyr/kernel/libkernel.a(mem_slab.c.obj)
 .text.k_mem_slab_init
                0x0000000000109ed8       0x46 zephyr/kernel/libkernel.a(mem_slab.c.obj)
                0x0000000000109ed8                k_mem_slab_init
 .text.k_mem_slab_alloc
                0x0000000000109f1e       0x66 zephyr/kernel/libkernel.a(mem_slab.c.obj)
                0x0000000000109f1e                k_mem_slab_alloc
 .text.k_mem_slab_free
                0x0000000000109f84       0x6f zephyr/kernel/libkernel.a(mem_slab.c.obj)
                0x0000000000109f84                k_mem_slab_free
 .text.z_impl_k_msgq_put
                0x0000000000109ff3       0xc5 zephyr/kernel/libkernel.a(msg_q.c.obj)
                0x0000000000109ff3                z_impl_k_msgq_put
 .text.z_impl_k_msgq_get
                0x000000000010a0b8       0xda zephyr/kernel/libkernel.a(msg_q.c.obj)
                0x000000000010a0b8                z_impl_k_msgq_get
 .text.z_impl_k_msgq_peek
                0x000000000010a192       0x34 zephyr/kernel/libkernel.a(msg_q.c.obj)
                0x000000000010a192                z_impl_k_msgq_peek
 .text.z_impl_k_mutex_init
                0x000000000010a1c6       0x1b zephyr/kernel/libkernel.a(mutex.c.obj)
                0x000000000010a1c6                z_impl_k_mutex_init
 .text.z_impl_k_mutex_lock
                0x000000000010a1e1       0xf3 zephyr/kernel/libkernel.a(mutex.c.obj)
                0x000000000010a1e1                z_impl_k_mutex_lock
 .text.z_impl_k_mutex_unlock
                0x000000000010a2d4       0x91 zephyr/kernel/libkernel.a(mutex.c.obj)
                0x000000000010a2d4                z_impl_k_mutex_unlock
 .text.sys_dlist_remove
                0x000000000010a365       0x18 zephyr/kernel/libkernel.a(sched.c.obj)
 .text.z_is_thread_ready
                0x000000000010a37d       0x18 zephyr/kernel/libkernel.a(sched.c.obj)
 .text.reset_time_slice
                0x000000000010a395       0x21 zephyr/kernel/libkernel.a(sched.c.obj)
 .text.z_is_t1_higher_prio_than_t2
                0x000000000010a3b6       0x14 zephyr/kernel/libkernel.a(sched.c.obj)
                0x000000000010a3b6                z_is_t1_higher_prio_than_t2
 .text.k_sched_time_slice_set
                0x000000000010a3ca       0x76 zephyr/kernel/libkernel.a(sched.c.obj)
                0x000000000010a3ca                k_sched_time_slice_set
 .text.z_unpend_thread_no_timeout
                0x000000000010a440       0x28 zephyr/kernel/libkernel.a(sched.c.obj)
                0x000000000010a440                z_unpend_thread_no_timeout
 .text.z_unpend_thread
                0x000000000010a468       0x32 zephyr/kernel/libkernel.a(sched.c.obj)
                0x000000000010a468                z_unpend_thread
 .text.z_reschedule
                0x000000000010a49a       0x21 zephyr/kernel/libkernel.a(sched.c.obj)
                0x000000000010a49a                z_reschedule
 .text.z_reschedule_irqlock
                0x000000000010a4bb       0x1e zephyr/kernel/libkernel.a(sched.c.obj)
                0x000000000010a4bb                z_reschedule_irqlock
 .text.z_reschedule_unlocked
                0x000000000010a4d9        0xf zephyr/kernel/libkernel.a(sched.c.obj)
 .text.k_sched_lock
                0x000000000010a4e8       0x13 zephyr/kernel/libkernel.a(sched.c.obj)
                0x000000000010a4e8                k_sched_lock
 .text.z_priq_dumb_best
                0x000000000010a4fb       0x14 zephyr/kernel/libkernel.a(sched.c.obj)
                0x000000000010a4fb                z_priq_dumb_best
 .text.update_cache
                0x000000000010a50f       0x4e zephyr/kernel/libkernel.a(sched.c.obj)
 .text.k_sched_unlock
                0x000000000010a55d       0x27 zephyr/kernel/libkernel.a(sched.c.obj)
                0x000000000010a55d                k_sched_unlock
 .text.z_add_thread_to_ready_q
                0x000000000010a584       0x76 zephyr/kernel/libkernel.a(sched.c.obj)
                0x000000000010a584                z_add_thread_to_ready_q
 .text.z_thread_timeout
                0x000000000010a5fa       0x4e zephyr/kernel/libkernel.a(sched.c.obj)
                0x000000000010a5fa                z_thread_timeout
 .text.z_move_thread_to_end_of_prio_q
                0x000000000010a648       0x83 zephyr/kernel/libkernel.a(sched.c.obj)
                0x000000000010a648                z_move_thread_to_end_of_prio_q
 .text.z_time_slice
                0x000000000010a6cb       0x62 zephyr/kernel/libkernel.a(sched.c.obj)
                0x000000000010a6cb                z_time_slice
 .text.z_remove_thread_from_ready_q
                0x000000000010a72d       0x37 zephyr/kernel/libkernel.a(sched.c.obj)
                0x000000000010a72d                z_remove_thread_from_ready_q
 .text.pend     0x000000000010a764       0xc5 zephyr/kernel/libkernel.a(sched.c.obj)
 .text.z_pend_curr
                0x000000000010a829       0x21 zephyr/kernel/libkernel.a(sched.c.obj)
                0x000000000010a829                z_pend_curr
 .text.z_thread_priority_set
                0x000000000010a84a       0xba zephyr/kernel/libkernel.a(sched.c.obj)
                0x000000000010a84a                z_thread_priority_set
 .text.z_unpend_first_thread
                0x000000000010a904       0x4d zephyr/kernel/libkernel.a(sched.c.obj)
                0x000000000010a904                z_unpend_first_thread
 .text.z_sched_init
                0x000000000010a951       0x24 zephyr/kernel/libkernel.a(sched.c.obj)
                0x000000000010a951                z_sched_init
 .text.z_impl_k_yield
                0x000000000010a975       0x99 zephyr/kernel/libkernel.a(sched.c.obj)
                0x000000000010a975                z_impl_k_yield
 .text.z_impl_k_sleep
                0x000000000010aa0e       0xcd zephyr/kernel/libkernel.a(sched.c.obj)
                0x000000000010aa0e                z_impl_k_sleep
 .text.z_impl_k_wakeup
                0x000000000010aadb       0x48 zephyr/kernel/libkernel.a(sched.c.obj)
                0x000000000010aadb                z_impl_k_wakeup
 .text.z_impl_k_current_get
                0x000000000010ab23        0x6 zephyr/kernel/libkernel.a(sched.c.obj)
                0x000000000010ab23                z_impl_k_current_get
 .text.z_impl_k_sem_init
                0x000000000010ab29       0x22 zephyr/kernel/libkernel.a(sem.c.obj)
                0x000000000010ab29                z_impl_k_sem_init
 .text.z_impl_k_sem_give
                0x000000000010ab4b       0x69 zephyr/kernel/libkernel.a(sem.c.obj)
                0x000000000010ab4b                z_impl_k_sem_give
 .text.z_impl_k_sem_take
                0x000000000010abb4       0x43 zephyr/kernel/libkernel.a(sem.c.obj)
                0x000000000010abb4                z_impl_k_sem_take
 .text.z_is_thread_ready
                0x000000000010abf7       0x18 zephyr/kernel/libkernel.a(thread.c.obj)
 .text.schedule_new_thread.part.8
                0x000000000010ac0f       0x73 zephyr/kernel/libkernel.a(thread.c.obj)
 .text.k_is_in_isr
                0x000000000010ac82        0xb zephyr/kernel/libkernel.a(thread.c.obj)
                0x000000000010ac82                k_is_in_isr
 .text.z_is_thread_essential
                0x000000000010ac8d        0xc zephyr/kernel/libkernel.a(thread.c.obj)
                0x000000000010ac8d                z_is_thread_essential
 .text.z_impl_k_busy_wait
                0x000000000010ac99       0x47 zephyr/kernel/libkernel.a(thread.c.obj)
                0x000000000010ac99                z_impl_k_busy_wait
 .text.z_thread_monitor_exit
                0x000000000010ace0       0x3c zephyr/kernel/libkernel.a(thread.c.obj)
                0x000000000010ace0                z_thread_monitor_exit
 .text.z_impl_k_thread_name_set
                0x000000000010ad1c       0x2d zephyr/kernel/libkernel.a(thread.c.obj)
                0x000000000010ad1c                z_impl_k_thread_name_set
 .text.z_impl_k_thread_start
                0x000000000010ad49       0x44 zephyr/kernel/libkernel.a(thread.c.obj)
                0x000000000010ad49                z_impl_k_thread_start
 .text.z_setup_new_thread
                0x000000000010ad8d       0x85 zephyr/kernel/libkernel.a(thread.c.obj)
                0x000000000010ad8d                z_setup_new_thread
 .text.z_impl_k_thread_create
                0x000000000010ae12       0x52 zephyr/kernel/libkernel.a(thread.c.obj)
                0x000000000010ae12                z_impl_k_thread_create
 .text.z_thread_single_abort
                0x000000000010ae64       0x49 zephyr/kernel/libkernel.a(thread.c.obj)
                0x000000000010ae64                z_thread_single_abort
 .text.z_init_static_threads
                0x000000000010aead       0x7c zephyr/kernel/libkernel.a(thread.c.obj)
                0x000000000010aead                z_init_static_threads
 .text.z_init_thread_base
                0x000000000010af29       0x2c zephyr/kernel/libkernel.a(thread.c.obj)
                0x000000000010af29                z_init_thread_base
 .text.z_impl_k_thread_abort
                0x000000000010af55       0x2f zephyr/kernel/libkernel.a(thread_abort.c.obj)
                0x000000000010af55                z_impl_k_thread_abort
 .text.sys_kernel_version_get
                0x000000000010af84        0x6 zephyr/kernel/libkernel.a(version.c.obj)
                0x000000000010af84                sys_kernel_version_get
 .text.elapsed  0x000000000010af8a       0x11 zephyr/kernel/libkernel.a(timeout.c.obj)
 .text.next_timeout
                0x000000000010af9b       0x54 zephyr/kernel/libkernel.a(timeout.c.obj)
 .text.remove_timeout
                0x000000000010afef       0x2e zephyr/kernel/libkernel.a(timeout.c.obj)
 .text.z_add_timeout
                0x000000000010b01d       0xb2 zephyr/kernel/libkernel.a(timeout.c.obj)
                0x000000000010b01d                z_add_timeout
 .text.z_abort_timeout
                0x000000000010b0cf       0x27 zephyr/kernel/libkernel.a(timeout.c.obj)
                0x000000000010b0cf                z_abort_timeout
 .text.z_get_next_timeout_expiry
                0x000000000010b0f6       0x16 zephyr/kernel/libkernel.a(timeout.c.obj)
                0x000000000010b0f6                z_get_next_timeout_expiry
 .text.z_set_timeout_expiry
                0x000000000010b10c       0x41 zephyr/kernel/libkernel.a(timeout.c.obj)
                0x000000000010b10c                z_set_timeout_expiry
 .text.z_clock_announce
                0x000000000010b14d       0xdb zephyr/kernel/libkernel.a(timeout.c.obj)
                0x000000000010b14d                z_clock_announce
 .text.z_tick_get
                0x000000000010b228       0x2a zephyr/kernel/libkernel.a(timeout.c.obj)
                0x000000000010b228                z_tick_get
 .text.z_tick_get_32
                0x000000000010b252        0xa zephyr/kernel/libkernel.a(timeout.c.obj)
                0x000000000010b252                z_tick_get_32
 .text.z_impl_k_uptime_get
                0x000000000010b25c       0x28 zephyr/kernel/libkernel.a(timeout.c.obj)
                0x000000000010b25c                z_impl_k_uptime_get
 .text.z_timer_expiration_handler
                0x000000000010b284       0x64 zephyr/kernel/libkernel.a(timer.c.obj)
                0x000000000010b284                z_timer_expiration_handler
 .text.k_timer_init
                0x000000000010b2e8       0x38 zephyr/kernel/libkernel.a(timer.c.obj)
                0x000000000010b2e8                k_timer_init
 .text.z_impl_k_timer_start
                0x000000000010b320       0xa0 zephyr/kernel/libkernel.a(timer.c.obj)
                0x000000000010b320                z_impl_k_timer_start
 .text.z_impl_k_timer_status_sync
                0x000000000010b3c0       0x43 zephyr/kernel/libkernel.a(timer.c.obj)
                0x000000000010b3c0                z_impl_k_timer_status_sync
 .text.clear_event_registrations
                0x000000000010b403       0x63 zephyr/kernel/libkernel.a(poll.c.obj)
 .text.signal_poll_event
                0x000000000010b466       0x82 zephyr/kernel/libkernel.a(poll.c.obj)
 .text.add_event
                0x000000000010b4e8       0x84 zephyr/kernel/libkernel.a(poll.c.obj)
 .text.k_poll_event_init
                0x000000000010b56c       0x41 zephyr/kernel/libkernel.a(poll.c.obj)
                0x000000000010b56c                k_poll_event_init
 .text.z_impl_k_poll
                0x000000000010b5ad      0x148 zephyr/kernel/libkernel.a(poll.c.obj)
                0x000000000010b5ad                z_impl_k_poll
 .text.z_handle_obj_poll_events
                0x000000000010b6f5       0x31 zephyr/kernel/libkernel.a(poll.c.obj)
                0x000000000010b6f5                z_handle_obj_poll_events
 .text.z_impl_k_poll_signal_init
                0x000000000010b726       0x14 zephyr/kernel/libkernel.a(poll.c.obj)
                0x000000000010b726                z_impl_k_poll_signal_init
 .text.z_impl_k_poll_signal_check
                0x000000000010b73a       0x18 zephyr/kernel/libkernel.a(poll.c.obj)
                0x000000000010b73a                z_impl_k_poll_signal_check
 .text.z_impl_k_poll_signal_raise
                0x000000000010b752       0x64 zephyr/kernel/libkernel.a(poll.c.obj)
                0x000000000010b752                z_impl_k_poll_signal_raise
 .text.idle     0x000000000010b7b6       0x26 zephyr/kernel/libkernel.a(idle.c.obj)
                0x000000000010b7b6                idle
 .text.init_static_pools
                0x000000000010b7dc       0x2d zephyr/kernel/libkernel.a(mempool.c.obj)
                0x000000000010b7dc                init_static_pools
 .text._OffsetAbsSyms
                0x000000000010b809        0x1 zephyr/CMakeFiles/offsets.dir/./arch/x86/core/offsets/offsets.c.obj
                0x000000000010b809                _OffsetAbsSyms
 *(SORT_BY_ALIGNMENT(.gnu.linkonce.t.*))
 .gnu.linkonce.t.exc_0_stub
                0x000000000010b80a        0xc zephyr/arch/arch/x86/core/libarch__x86__core.a(fatal.c.obj)
                0x000000000010b80a                _handle_exc_0_vector_0_stub
 .gnu.linkonce.t.exc_2_stub
                0x000000000010b816        0xc zephyr/arch/arch/x86/core/libarch__x86__core.a(fatal.c.obj)
                0x000000000010b816                _handle_exc_2_vector_2_stub
 .gnu.linkonce.t.exc_4_stub
                0x000000000010b822        0xc zephyr/arch/arch/x86/core/libarch__x86__core.a(fatal.c.obj)
                0x000000000010b822                _handle_exc_4_vector_4_stub
 .gnu.linkonce.t.exc_5_stub
                0x000000000010b82e        0xc zephyr/arch/arch/x86/core/libarch__x86__core.a(fatal.c.obj)
                0x000000000010b82e                _handle_exc_5_vector_5_stub
 .gnu.linkonce.t.exc_6_stub
                0x000000000010b83a        0xc zephyr/arch/arch/x86/core/libarch__x86__core.a(fatal.c.obj)
                0x000000000010b83a                _handle_exc_6_vector_6_stub
 .gnu.linkonce.t.exc_7_stub
                0x000000000010b846        0xc zephyr/arch/arch/x86/core/libarch__x86__core.a(fatal.c.obj)
                0x000000000010b846                _handle_exc_7_vector_7_stub
 .gnu.linkonce.t.exc_8_stub
                0x000000000010b852        0xc zephyr/arch/arch/x86/core/libarch__x86__core.a(fatal.c.obj)
                0x000000000010b852                _handle_exc_8_vector_8_stub
 .gnu.linkonce.t.exc_10_stub
                0x000000000010b85e        0xa zephyr/arch/arch/x86/core/libarch__x86__core.a(fatal.c.obj)
                0x000000000010b85e                _handle_exc_10_vector_10_stub
 .gnu.linkonce.t.exc_11_stub
                0x000000000010b868        0xa zephyr/arch/arch/x86/core/libarch__x86__core.a(fatal.c.obj)
                0x000000000010b868                _handle_exc_11_vector_11_stub
 .gnu.linkonce.t.exc_12_stub
                0x000000000010b872        0xa zephyr/arch/arch/x86/core/libarch__x86__core.a(fatal.c.obj)
                0x000000000010b872                _handle_exc_12_vector_12_stub
 .gnu.linkonce.t.exc_13_stub
                0x000000000010b87c        0xa zephyr/arch/arch/x86/core/libarch__x86__core.a(fatal.c.obj)
                0x000000000010b87c                _handle_exc_13_vector_13_stub
 .gnu.linkonce.t.exc_16_stub
                0x000000000010b886        0xc zephyr/arch/arch/x86/core/libarch__x86__core.a(fatal.c.obj)
                0x000000000010b886                _handle_exc_16_vector_16_stub
 .gnu.linkonce.t.exc_17_stub
                0x000000000010b892        0xa zephyr/arch/arch/x86/core/libarch__x86__core.a(fatal.c.obj)
                0x000000000010b892                _handle_exc_17_vector_17_stub
 .gnu.linkonce.t.exc_18_stub
                0x000000000010b89c        0xc zephyr/arch/arch/x86/core/libarch__x86__core.a(fatal.c.obj)
                0x000000000010b89c                _handle_exc_18_vector_18_stub
 .gnu.linkonce.t.exc_14_stub
                0x000000000010b8a8        0xa zephyr/arch/arch/x86/core/libarch__x86__core.a(fatal.c.obj)
                0x000000000010b8a8                _page_fault_handler_vector_14_stub
 *(SORT_BY_ALIGNMENT(.eh_frame_hdr))
 *(SORT_BY_ALIGNMENT(.eh_frame))
 *(SORT_BY_ALIGNMENT(.init))
 *(SORT_BY_ALIGNMENT(.fini))
 *(SORT_BY_ALIGNMENT(.eini))
 *(SORT_BY_ALIGNMENT(.openocd_dbg))
 *(SORT_BY_ALIGNMENT(.openocd_dbg.*))
                0x000000000010b8b2                _image_text_end = .
                0x000000000000b8b2                _image_text_size = (_image_text_end - _image_text_start)
                0x000000000010b8b2                _image_rodata_start = .

app_shmem_regions
                0x000000000010b8b2        0x0
                0x000000000010b8b2                __app_shmem_regions_start = .
 *(SORT_BY_NAME(SORT_BY_ALIGNMENT(.app_regions.*)))
                0x000000000010b8b2                __app_shmem_regions_end = .

devconfig       0x000000000010b8b4      0x12c
                0x000000000010b8b4                __devconfig_start = .
 *(SORT_BY_ALIGNMENT(.devconfig.*))
 .devconfig.init
                0x000000000010b8b4        0xc zephyr/libzephyr.a(soc.c.obj)
 .devconfig.init
                0x000000000010b8c0        0xc zephyr/libzephyr.a(log_core.c.obj)
 .devconfig.init
                0x000000000010b8cc        0xc zephyr/libzephyr.a(shell_uart.c.obj)
 .devconfig.init
                0x000000000010b8d8        0xc zephyr/libzephyr.a(uart_console.c.obj)
 .devconfig.init
                0x000000000010b8e4        0xc zephyr/libzephyr.a(ioapic_intr.c.obj)
 .devconfig.init
                0x000000000010b8f0        0xc zephyr/libzephyr.a(loapic_intr.c.obj)
 .devconfig.init
                0x000000000010b8fc        0xc zephyr/libzephyr.a(shared_irq.c.obj)
 .devconfig.init
                0x000000000010b908        0xc zephyr/libzephyr.a(sys_clock_init.c.obj)
 .devconfig.init
                0x000000000010b914        0xc zephyr/arch/arch/x86/core/libarch__x86__core.a(cache.c.obj)
 .devconfig.init
                0x000000000010b920        0xc zephyr/boards/x86/galileo/libboards__x86__galileo.a(pinmux.c.obj)
 .devconfig.init
                0x000000000010b92c        0xc zephyr/drivers/gpio/libdrivers__gpio.a(gpio_dw.c.obj)
 .devconfig.init
                0x000000000010b938       0x24 zephyr/drivers/gpio/libdrivers__gpio.a(gpio_pcal9535a.c.obj)
 .devconfig.init
                0x000000000010b95c       0x18 zephyr/drivers/gpio/libdrivers__gpio.a(gpio_sch.c.obj)
 .devconfig.init
                0x000000000010b974        0xc zephyr/drivers/i2c/libdrivers__i2c.a(i2c_dw.c.obj)
 .devconfig.init
                0x000000000010b980        0xc zephyr/drivers/pwm/libdrivers__pwm.a(pwm_pca9685.c.obj)
 .devconfig.init
                0x000000000010b98c       0x18 zephyr/drivers/sensor/hc-sr04/libdrivers__sensor__hc-sr04.a(hcsr04.c.obj)
 .devconfig.init
                0x000000000010b9a4        0xc zephyr/drivers/spi/libdrivers__spi.a(spi_intel.c.obj)
 .devconfig.init
                0x000000000010b9b0       0x18 zephyr/drivers/serial/libdrivers__serial.a(uart_ns16550.c.obj)
 .devconfig.init
                0x000000000010b9c8        0xc zephyr/kernel/libkernel.a(mem_slab.c.obj)
 .devconfig.init
                0x000000000010b9d4        0xc zephyr/kernel/libkernel.a(mempool.c.obj)
 *(SORT_BY_NAME(SORT_BY_ALIGNMENT(.devconfig*)))
                0x000000000010b9e0                __devconfig_end = .

net_l2          0x000000000010b9e0        0x0
                0x000000000010b9e0                __net_l2_start = .
 *(SORT_BY_ALIGNMENT(.net_l2.init))
 *(SORT_BY_NAME(SORT_BY_ALIGNMENT(.net_l2.init*)))
                0x000000000010b9e0                __net_l2_end = .

log_const_sections
                0x000000000010b9e0       0x38
                0x000000000010b9e0                __log_const_start = .
 *(SORT_BY_NAME(SORT_BY_ALIGNMENT(.log_const_*)))
 .log_const_gpio_pcal9535a
                0x000000000010b9e0        0x8 zephyr/drivers/gpio/libdrivers__gpio.a(gpio_pcal9535a.c.obj)
                0x000000000010b9e0                log_const_gpio_pcal9535a
 .log_const_gpio_sch
                0x000000000010b9e8        0x8 zephyr/drivers/gpio/libdrivers__gpio.a(gpio_sch.c.obj)
                0x000000000010b9e8                log_const_gpio_sch
 .log_const_i2c_dw
                0x000000000010b9f0        0x8 zephyr/drivers/i2c/libdrivers__i2c.a(i2c_dw.c.obj)
                0x000000000010b9f0                log_const_i2c_dw
 .log_const_kernel
                0x000000000010b9f8        0x8 zephyr/kernel/libkernel.a(init.c.obj)
                0x000000000010b9f8                log_const_kernel
 .log_const_shell_shell_uart
                0x000000000010ba00        0x8 zephyr/libzephyr.a(shell_uart.c.obj)
                0x000000000010ba00                log_const_shell_shell_uart
 .log_const_shell_uart
                0x000000000010ba08        0x8 zephyr/libzephyr.a(shell_uart.c.obj)
                0x000000000010ba08                log_const_shell_uart
 .log_const_spi_intel
                0x000000000010ba10        0x8 zephyr/drivers/spi/libdrivers__spi.a(spi_intel.c.obj)
                0x000000000010ba10                log_const_spi_intel
                0x000000000010ba18                __log_const_end = .

log_backends_sections
                0x000000000010ba18       0x10
                0x000000000010ba18                __log_backends_start = .
 *(SORT_BY_ALIGNMENT(.log_backends))
 .log_backends  0x000000000010ba18       0x10 zephyr/libzephyr.a(shell_uart.c.obj)
                0x000000000010ba28                __log_backends_end = .

shell_root_cmds_sections
                0x000000000010ba28       0x48
                0x000000000010ba28                __shell_root_cmds_start = .
 *(SORT_BY_NAME(SORT_BY_ALIGNMENT(.shell_root_cmd_*)))
 .shell_root_cmd_HCSR
                0x000000000010ba28        0x8 app/libapp.a(main.c.obj)
                0x000000000010ba28                shell_cmd_HCSR
 .shell_root_cmd_clear
                0x000000000010ba30        0x8 zephyr/libzephyr.a(shell_cmds.c.obj)
 .shell_root_cmd_device
                0x000000000010ba38        0x8 zephyr/libzephyr.a(device_service.c.obj)
                0x000000000010ba38                shell_cmd_device
 .shell_root_cmd_help
                0x000000000010ba40        0x8 zephyr/libzephyr.a(shell_cmds.c.obj)
 .shell_root_cmd_history
                0x000000000010ba48        0x8 zephyr/libzephyr.a(shell_cmds.c.obj)
 .shell_root_cmd_kernel
                0x000000000010ba50        0x8 zephyr/libzephyr.a(kernel_service.c.obj)
                0x000000000010ba50                shell_cmd_kernel
 .shell_root_cmd_log
                0x000000000010ba58        0x8 zephyr/libzephyr.a(log_cmds.c.obj)
                0x000000000010ba58                shell_cmd_log
 .shell_root_cmd_resize
                0x000000000010ba60        0x8 zephyr/libzephyr.a(shell_cmds.c.obj)
 .shell_root_cmd_shell
                0x000000000010ba68        0x8 zephyr/libzephyr.a(shell_cmds.c.obj)
                0x000000000010ba68                shell_cmd_shell
                0x000000000010ba70                __shell_root_cmds_end = .

font_entry_sections
                0x000000000010ba70        0x0
                0x000000000010ba70                __font_entry_start = .
 *(SORT_BY_NAME(SORT_BY_ALIGNMENT(.font_entry.*)))
                0x000000000010ba70                __font_entry_end = .

rodata          0x000000000010ba80     0x3e78
 *(SORT_BY_ALIGNMENT(.rodata))
 *(SORT_BY_ALIGNMENT(.rodata.*))
 .rodata.shell_exp
                0x000000000010ba80       0x64 app/libapp.a(main.c.obj)
 *fill*         0x000000000010bae4       0x1c 
 .rodata.shell_sub_log_stat
                0x000000000010bb00       0xa0 zephyr/libzephyr.a(log_cmds.c.obj)
 .rodata.shell_sub_log_backend
                0x000000000010bba0       0x78 zephyr/libzephyr.a(log_cmds.c.obj)
 *fill*         0x000000000010bc18        0x8 
 .rodata.shell_sub_kernel
                0x000000000010bc20       0x50 zephyr/libzephyr.a(kernel_service.c.obj)
 *fill*         0x000000000010bc70       0x10 
 .rodata.shell_sub_device
                0x000000000010bc80       0x3c zephyr/libzephyr.a(device_service.c.obj)
 *fill*         0x000000000010bcbc        0x4 
 .rodata.shell_uart
                0x000000000010bcc0       0x30 zephyr/libzephyr.a(shell_uart.c.obj)
 *fill*         0x000000000010bcf0       0x10 
 .rodata.shell_m_sub_resize
                0x000000000010bd00       0x28 zephyr/libzephyr.a(shell_cmds.c.obj)
 *fill*         0x000000000010bd28       0x18 
 .rodata.shell_m_sub_shell
                0x000000000010bd40       0x64 zephyr/libzephyr.a(shell_cmds.c.obj)
 *fill*         0x000000000010bda4       0x1c 
 .rodata.shell_m_sub_backspace_mode
                0x000000000010bdc0       0x3c zephyr/libzephyr.a(shell_cmds.c.obj)
 *fill*         0x000000000010bdfc        0x4 
 .rodata.shell_m_sub_shell_stats
                0x000000000010be00       0x3c zephyr/libzephyr.a(shell_cmds.c.obj)
 *fill*         0x000000000010be3c        0x4 
 .rodata.shell_m_sub_echo
                0x000000000010be40       0x3c zephyr/libzephyr.a(shell_cmds.c.obj)
 *fill*         0x000000000010be7c        0x4 
 .rodata.shell_m_sub_colors
                0x000000000010be80       0x3c zephyr/libzephyr.a(shell_cmds.c.obj)
 *fill*         0x000000000010bebc        0x4 
 .rodata._galileo_path
                0x000000000010bec0     0x1a40 zephyr/boards/x86/galileo/libboards__x86__galileo.a(pinmux.c.obj)
 .rodata.uart_ns16550_driver_api
                0x000000000010d900       0x4c zephyr/drivers/serial/libdrivers__serial.a(uart_ns16550.c.obj)
 .rodata._shell_HCSR
                0x000000000010d94c       0x14 app/libapp.a(main.c.obj)
 .rodata.exp    0x000000000010d960        0x8 app/libapp.a(main.c.obj)
 .rodata.std_print
                0x000000000010d968       0x40 zephyr/libzephyr.a(log_output.c.obj)
 .rodata.postfix.5640
                0x000000000010d9a8       0x18 zephyr/libzephyr.a(log_output.c.obj)
 .rodata.prefix.5639
                0x000000000010d9c0        0x5 zephyr/libzephyr.a(log_output.c.obj)
 *fill*         0x000000000010d9c5        0x3 
 .rodata.colors
                0x000000000010d9c8       0x14 zephyr/libzephyr.a(log_output.c.obj)
 .rodata.severity
                0x000000000010d9dc       0x14 zephyr/libzephyr.a(log_output.c.obj)
 .rodata._shell_log
                0x000000000010d9f0       0x14 zephyr/libzephyr.a(log_cmds.c.obj)
 .rodata.sub_log_stat
                0x000000000010da04        0x8 zephyr/libzephyr.a(log_cmds.c.obj)
 .rodata.dsub_backend_name_dynamic
                0x000000000010da0c        0x8 zephyr/libzephyr.a(log_cmds.c.obj)
 .rodata.sub_log_backend
                0x000000000010da14        0x8 zephyr/libzephyr.a(log_cmds.c.obj)
 .rodata.dsub_severity_lvl
                0x000000000010da1c        0x8 zephyr/libzephyr.a(log_cmds.c.obj)
 .rodata.dsub_module_name
                0x000000000010da24        0x8 zephyr/libzephyr.a(log_cmds.c.obj)
 .rodata.severity_lvls_sorted
                0x000000000010da2c       0x14 zephyr/libzephyr.a(log_cmds.c.obj)
 .rodata.severity_lvls
                0x000000000010da40       0x14 zephyr/libzephyr.a(log_cmds.c.obj)
 .rodata._shell_kernel
                0x000000000010da54       0x14 zephyr/libzephyr.a(kernel_service.c.obj)
 .rodata.sub_kernel
                0x000000000010da68        0x8 zephyr/libzephyr.a(kernel_service.c.obj)
 .rodata._shell_device
                0x000000000010da70       0x14 zephyr/libzephyr.a(device_service.c.obj)
 .rodata.sub_device
                0x000000000010da84        0x8 zephyr/libzephyr.a(device_service.c.obj)
 .rodata.config_levels
                0x000000000010da8c       0x14 zephyr/libzephyr.a(device_service.c.obj)
 .rodata.shell_process
                0x000000000010daa0       0xcc zephyr/libzephyr.a(shell.c.obj)
 .rodata.cmd.5625
                0x000000000010db6c        0x4 zephyr/libzephyr.a(shell.c.obj)
 .rodata.cmd.6018
                0x000000000010db70        0x5 zephyr/libzephyr.a(shell.c.obj)
 *fill*         0x000000000010db75        0x3 
 .rodata.cmd.6017
                0x000000000010db78        0x4 zephyr/libzephyr.a(shell.c.obj)
 .rodata.cmd.5900
                0x000000000010db7c        0x4 zephyr/libzephyr.a(shell_ops.c.obj)
 .rodata.cmd.5594
                0x000000000010db80        0x4 zephyr/libzephyr.a(shell_ops.c.obj)
 .rodata.shell_uart_transport_api
                0x000000000010db84       0x18 zephyr/libzephyr.a(shell_uart.c.obj)
                0x000000000010db84                shell_uart_transport_api
 .rodata.shell_uart_fprintf
                0x000000000010db9c       0x14 zephyr/libzephyr.a(shell_uart.c.obj)
 .rodata.shell_uart_log_backend
                0x000000000010dbb0       0x14 zephyr/libzephyr.a(shell_uart.c.obj)
 .rodata.shell_uart_log_output
                0x000000000010dbc4       0x10 zephyr/libzephyr.a(shell_uart.c.obj)
 .rodata.shell_transport_uart_shell_uart
                0x000000000010dbd4       0x10 zephyr/libzephyr.a(shell_uart.c.obj)
 .rodata.cmd_sep.5801
                0x000000000010dbe4        0x4 zephyr/libzephyr.a(shell_help.c.obj)
 .rodata.cmd.5814
                0x000000000010dbe8        0x6 zephyr/libzephyr.a(shell_cmds.c.obj)
 *fill*         0x000000000010dbee        0x2 
 .rodata.cmd_get_terminal_size.5723
                0x000000000010dbf0        0x5 zephyr/libzephyr.a(shell_cmds.c.obj)
 *fill*         0x000000000010dbf5        0x3 
 .rodata.cmd.5749
                0x000000000010dbf8        0x5 zephyr/libzephyr.a(shell_cmds.c.obj)
 *fill*         0x000000000010dbfd        0x3 
 .rodata.cmd.5748
                0x000000000010dc00        0x4 zephyr/libzephyr.a(shell_cmds.c.obj)